=== 執行記錄開始: 2026-06-09T13:28:16.323548 ===
模式: DRY-RUN（乾跑）
runtime: k8s
目標: nextcloud/nextcloud-5659bc4574-fdwnl
使用者來源: occ user:list（未設定 ENV_NEXTCLOUD_*，改用容器內 occ）
透過 occ 取得 502 位使用者
排除 1 位: ['admin']
目標帳號數: 501
清檔模式: skeleton
quota: 0 B
其他設定: {'recommendations': {'enabled': '0'}, 'text': {'workspace_enabled': '0'}}
============================================================
複製腳本與設定到遠端...
已設定遠端檔案權限（owner=www-data）: /tmp/batch_provision.php, /tmp/batch_config.json
執行 batch_provision.php...
✓ CB4F75B8-922C-4C10-B977-75FC8150FA18 | 刪除 0 項 | quota=0 B | user_settings={'recommendations': {'enabled': '0'}, 'text': {'workspace_enabled': '0'}}
✓ A4B3E2AB-AEA1-43C8-A221-4C3B27689627 | 刪除 0 項 | quota=0 B | user_settings={'recommendations': {'enabled': '0'}, 'text': {'workspace_enabled': '0'}}
✓ 868D3241-0E62-4746-90B3-6B44EE78AD07 | 刪除 0 項 | quota=0 B | user_settings={'recommendations': {'enabled': '0'}, 'text': {'workspace_enabled': '0'}}
✓ 835A7719-F187-4983-A7D9-9D63A506A663 | 刪除 0 項 | quota=0 B | user_settings={'recommendations': {'enabled': '0'}, 'text': {'workspace_enabled': '0'}}
✓ 5E0C5B48-B251-421C-9062-D2C565F8E3E8 | 刪除 0 項 | quota=0 B | user_settings={'recommendations': {'enabled': '0'}, 'text': {'workspace_enabled': '0'}}
✓ 8882CE20-AF6E-4CEE-AD87-B42F7791CCAC | 刪除 0 項 | quota=0 B | user_settings={'recommendations': {'enabled': '0'}, 'text': {'workspace_enabled': '0'}}
✓ 6F08089E-904F-4118-9AB3-A23A78E71307 | 刪除 0 項 | quota=0 B | user_settings={'recommendations': {'enabled': '0'}, 'text': {'workspace_enabled': '0'}}
✓ 5D20D478-0AE2-4457-85BC-7CB6F0D0D17D | 刪除 0 項 | quota=0 B | user_settings={'recommendations': {'enabled': '0'}, 'text': {'workspace_enabled': '0'}}
✓ D326DB01-7269-4293-B87B-2ECA40279266 | 刪除 0 項 | quota=0 B | user_settings={'recommendations': {'enabled': '0'}, 'text': {'workspace_enabled': '0'}}
✓ 7517FEDE-8DBB-4D3C-AE2C-555A1DFD15A0 | 刪除 0 項 | quota=0 B | user_settings={'recommendations': {'enabled': '0'}, 'text': {'workspace_enabled': '0'}}
✓ 6BEF739C-E8CB-4DFE-93D0-D6C43002990D | 刪除 0 項 | quota=0 B | user_settings={'recommendations': {'enabled': '0'}, 'text': {'workspace_enabled': '0'}}
✓ 4B73D839-9D9A-4A4A-BB3C-92AA57BC1843 | 刪除 0 項 | quota=0 B | user_settings={'recommendations': {'enabled': '0'}, 'text': {'workspace_enabled': '0'}}
✓ 22FEBA51-F163-4F45-8102-DE9353F328A2 | 刪除 0 項 | quota=0 B | user_settings={'recommendations': {'enabled': '0'}, 'text': {'workspace_enabled': '0'}}
✓ AA6C48FD-B42D-4315-8D06-F906CF471E8D | 刪除 0 項 | quota=0 B | user_settings={'recommendations': {'enabled': '0'}, 'text': {'workspace_enabled': '0'}}
✓ 310689F0-A5D8-411F-83EF-D12B02F8EC37 | 刪除 0 項 | quota=0 B | user_settings={'recommendations': {'enabled': '0'}, 'text': {'workspace_enabled': '0'}}
✓ 04944EBF-D4C5-46E3-BE74-D451CF640B98 | 刪除 0 項 | quota=0 B | user_settings={'recommendations': {'enabled': '0'}, 'text': {'workspace_enabled': '0'}}
✓ 55A49669-2936-47C3-BA5B-17FD546D919E | 刪除 0 項 | quota=0 B | user_settings={'recommendations': {'enabled': '0'}, 'text': {'workspace_enabled': '0'}}
✓ BED049FA-B264-4614-A54E-420A4A2B56A3 | 刪除 0 項 | quota=0 B | user_settings={'recommendations': {'enabled': '0'}, 'text': {'workspace_enabled': '0'}}
✓ FC9EAE91-5D8A-45D5-A838-DFE3280AFF4E | 刪除 0 項 | quota=0 B | user_settings={'recommendations': {'enabled': '0'}, 'text': {'workspace_enabled': '0'}}
✓ E9EF04C1-E081-4226-80F5-7710A8BCC8A0 | 刪除 0 項 | quota=0 B | user_settings={'recommendations': {'enabled': '0'}, 'text': {'workspace_enabled': '0'}}
✓ 423BB46E-8B92-4CAB-8238-BBF40280CA68 | 刪除 0 項 | quota=0 B | user_settings={'recommendations': {'enabled': '0'}, 'text': {'workspace_enabled': '0'}}
✓ 4D3D75B3-74DE-48EE-90CA-606AA1B575A7 | 刪除 0 項 | quota=0 B | user_settings={'recommendations': {'enabled': '0'}, 'text': {'workspace_enabled': '0'}}
✓ B7ACEBEB-F626-4092-8BB0-B93FFA4C6DFE | 刪除 0 項 | quota=0 B | user_settings={'recommendations': {'enabled': '0'}, 'text': {'workspace_enabled': '0'}} | 殘留 ['minio-00009242']
✓ 67F2C785-8C69-4DAB-81E7-D89BBF34F484 | 刪除 0 項 | quota=0 B | user_settings={'recommendations': {'enabled': '0'}, 'text': {'workspace_enabled': '0'}}
✓ 18A039EA-D0AF-4590-9FDF-2D07D2FE7C54 | 刪除 0 項 | quota=0 B | user_settings={'recommendations': {'enabled': '0'}, 'text': {'workspace_enabled': '0'}}
✓ 1E7C1C73-FDB5-4FD7-AD9F-71E34AEB0192 | 刪除 0 項 | quota=0 B | user_settings={'recommendations': {'enabled': '0'}, 'text': {'workspace_enabled': '0'}}
✓ 93080500-779B-421F-9A83-2CCC17AFDA93 | 刪除 0 項 | quota=0 B | user_settings={'recommendations': {'enabled': '0'}, 'text': {'workspace_enabled': '0'}}
✓ EFE24622-64AA-4C0E-873B-5CE49E1714D3 | 刪除 0 項 | quota=0 B | user_settings={'recommendations': {'enabled': '0'}, 'text': {'workspace_enabled': '0'}}
✓ A4BFC219-54E4-40A9-AA2F-5D06A4A43B3F | 刪除 0 項 | quota=0 B | user_settings={'recommendations': {'enabled': '0'}, 'text': {'workspace_enabled': '0'}}
✓ DEB95934-71AE-4062-B293-BB7418D704DE | 刪除 0 項 | quota=0 B | user_settings={'recommendations': {'enabled': '0'}, 'text': {'workspace_enabled': '0'}}
✓ 278BF929-4412-478E-9A65-992BF7003B4E | 刪除 0 項 | quota=0 B | user_settings={'recommendations': {'enabled': '0'}, 'text': {'workspace_enabled': '0'}}
✓ 2B1BA750-7B4F-4937-B251-54CC5B43580B | 刪除 0 項 | quota=0 B | user_settings={'recommendations': {'enabled': '0'}, 'text': {'workspace_enabled': '0'}}
✓ 8A81D2A2-3E39-411D-BF32-8CCF04F5FCDA | 刪除 0 項 | quota=0 B | user_settings={'recommendations': {'enabled': '0'}, 'text': {'workspace_enabled': '0'}}
✓ FF4B0BB7-9E56-43AA-9799-0095201DEE72 | 刪除 0 項 | quota=0 B | user_settings={'recommendations': {'enabled': '0'}, 'text': {'workspace_enabled': '0'}}
✓ 92BF56C0-8D17-43B0-8BBE-703B9791A796 | 刪除 0 項 | quota=0 B | user_settings={'recommendations': {'enabled': '0'}, 'text': {'workspace_enabled': '0'}}
✓ 63A30D1F-49B4-4763-81A7-F486E48E55DD | 刪除 0 項 | quota=0 B | user_settings={'recommendations': {'enabled': '0'}, 'text': {'workspace_enabled': '0'}}
✓ 00FE7106-B60F-4894-B403-B23AD90DDF2E | 刪除 0 項 | quota=0 B | user_settings={'recommendations': {'enabled': '0'}, 'text': {'workspace_enabled': '0'}}
✓ 9C365017-5A39-475D-8941-747F17B22120 | 刪除 0 項 | quota=0 B | user_settings={'recommendations': {'enabled': '0'}, 'text': {'workspace_enabled': '0'}}
✓ 4547006B-8543-4385-BD25-6759BB4F66D3 | 刪除 0 項 | quota=0 B | user_settings={'recommendations': {'enabled': '0'}, 'text': {'workspace_enabled': '0'}}
✓ 9AE17CB3-7600-42B9-B369-F58388515F7F | 刪除 0 項 | quota=0 B | user_settings={'recommendations': {'enabled': '0'}, 'text': {'workspace_enabled': '0'}}
✓ E7A85F2F-EFA7-4A52-AA38-B789C8CE1914 | 刪除 0 項 | quota=0 B | user_settings={'recommendations': {'enabled': '0'}, 'text': {'workspace_enabled': '0'}}
✓ 7C3A1060-8B8F-4EB6-8BC4-FF5E8062D048 | 刪除 0 項 | quota=0 B | user_settings={'recommendations': {'enabled': '0'}, 'text': {'workspace_enabled': '0'}}
✓ 3B69D03F-34A1-4553-B0E3-205C4396C8EE | 刪除 0 項 | quota=0 B | user_settings={'recommendations': {'enabled': '0'}, 'text': {'workspace_enabled': '0'}}
✓ 8D5A8FC4-F2EC-4E32-BFD9-FC13737FFDEF | 刪除 0 項 | quota=0 B | user_settings={'recommendations': {'enabled': '0'}, 'text': {'workspace_enabled': '0'}}
✓ F329DA98-DA09-480A-ADDC-476090FA5A0C | 刪除 0 項 | quota=0 B | user_settings={'recommendations': {'enabled': '0'}, 'text': {'workspace_enabled': '0'}}
✓ 78589BBE-9358-418B-BC76-B5A186F22866 | 刪除 0 項 | quota=0 B | user_settings={'recommendations': {'enabled': '0'}, 'text': {'workspace_enabled': '0'}}
✓ 2620BF04-3713-4570-8E94-2B371693AD98 | 刪除 0 項 | quota=0 B | user_settings={'recommendations': {'enabled': '0'}, 'text': {'workspace_enabled': '0'}}
✓ E337CA23-00CC-4A27-AA4D-A59F52A74E3E | 刪除 0 項 | quota=0 B | user_settings={'recommendations': {'enabled': '0'}, 'text': {'workspace_enabled': '0'}}
✓ 26AF5198-8A49-4143-B68E-8352E4796655 | 刪除 0 項 | quota=0 B | user_settings={'recommendations': {'enabled': '0'}, 'text': {'workspace_enabled': '0'}}
✓ 71102710-3EF7-4B81-8EDD-5B8D663F5E6C | 刪除 0 項 | quota=0 B | user_settings={'recommendations': {'enabled': '0'}, 'text': {'workspace_enabled': '0'}}
✓ D9C9F2C2-D609-49C9-86CF-3FE9B2A8D1D4 | 刪除 0 項 | quota=0 B | user_settings={'recommendations': {'enabled': '0'}, 'text': {'workspace_enabled': '0'}}
✓ D4F8BF3B-A4D2-4299-B5FC-0BBB54824318 | 刪除 0 項 | quota=0 B | user_settings={'recommendations': {'enabled': '0'}, 'text': {'workspace_enabled': '0'}}
✓ 31B48B19-2D5D-4C2F-B4B4-C8B55962BDDE | 刪除 0 項 | quota=0 B | user_settings={'recommendations': {'enabled': '0'}, 'text': {'workspace_enabled': '0'}}
✓ BC1D01DD-036A-4F42-93F5-508BDFEC24D9 | 刪除 0 項 | quota=0 B | user_settings={'recommendations': {'enabled': '0'}, 'text': {'workspace_enabled': '0'}}
✓ 34C30DA9-B0B6-4EC1-AFA6-8D7A868DB91C | 刪除 0 項 | quota=0 B | user_settings={'recommendations': {'enabled': '0'}, 'text': {'workspace_enabled': '0'}}
✓ C80A3EC0-DAB2-4A76-9675-981B94D023D4 | 刪除 0 項 | quota=0 B | user_settings={'recommendations': {'enabled': '0'}, 'text': {'workspace_enabled': '0'}}
✓ 096C8583-49EB-45FA-8B9C-63BBFA17B14E | 刪除 0 項 | quota=0 B | user_settings={'recommendations': {'enabled': '0'}, 'text': {'workspace_enabled': '0'}}
✓ 201E9558-BCE4-4025-9072-7B1094FA712D | 刪除 0 項 | quota=0 B | user_settings={'recommendations': {'enabled': '0'}, 'text': {'workspace_enabled': '0'}}
✓ A3AA4C94-90AB-41D8-93F1-89E3EC4DAB07 | 刪除 0 項 | quota=0 B | user_settings={'recommendations': {'enabled': '0'}, 'text': {'workspace_enabled': '0'}}
✓ E3058557-A60A-4767-BA76-71F671FB83E5 | 刪除 0 項 | quota=0 B | user_settings={'recommendations': {'enabled': '0'}, 'text': {'workspace_enabled': '0'}}
✓ 25603E3E-4AEF-423E-BCBB-0EB1D4FD6A3A | 刪除 0 項 | quota=0 B | user_settings={'recommendations': {'enabled': '0'}, 'text': {'workspace_enabled': '0'}}
✓ 0D1903FC-A89B-40D0-BCE5-B1DF1EC5A75F | 刪除 0 項 | quota=0 B | user_settings={'recommendations': {'enabled': '0'}, 'text': {'workspace_enabled': '0'}}
✓ 5AA7CD2F-553F-422C-98DD-B419995F30DF | 刪除 0 項 | quota=0 B | user_settings={'recommendations': {'enabled': '0'}, 'text': {'workspace_enabled': '0'}}
✓ 754D2149-3BD7-42FE-8259-01E3382A00E1 | 刪除 0 項 | quota=0 B | user_settings={'recommendations': {'enabled': '0'}, 'text': {'workspace_enabled': '0'}}
✓ 2D310643-8B6B-46D1-917D-9EDC6463294F | 刪除 0 項 | quota=0 B | user_settings={'recommendations': {'enabled': '0'}, 'text': {'workspace_enabled': '0'}}
✓ 0AB66B54-DA88-4A04-B964-330C2E146C87 | 刪除 0 項 | quota=0 B | user_settings={'recommendations': {'enabled': '0'}, 'text': {'workspace_enabled': '0'}}
✓ CD7386EF-3108-4104-A1BA-749144EE2C26 | 刪除 0 項 | quota=0 B | user_settings={'recommendations': {'enabled': '0'}, 'text': {'workspace_enabled': '0'}}
✓ 709332A2-59E1-425C-B475-EF1296FFA372 | 刪除 0 項 | quota=0 B | user_settings={'recommendations': {'enabled': '0'}, 'text': {'workspace_enabled': '0'}}
✓ B1C7E19A-33B0-4241-89EC-5383544E006C | 刪除 0 項 | quota=0 B | user_settings={'recommendations': {'enabled': '0'}, 'text': {'workspace_enabled': '0'}}
✓ B9A31AFD-CDA9-4B99-84FE-4BA9798B1336 | 刪除 0 項 | quota=0 B | user_settings={'recommendations': {'enabled': '0'}, 'text': {'workspace_enabled': '0'}}
✓ 2D5F7219-069F-4D35-8CED-290064CF17B4 | 刪除 0 項 | quota=0 B | user_settings={'recommendations': {'enabled': '0'}, 'text': {'workspace_enabled': '0'}}
✓ B919A54C-C6B4-433A-9217-D2CCD0240E23 | 刪除 0 項 | quota=0 B | user_settings={'recommendations': {'enabled': '0'}, 'text': {'workspace_enabled': '0'}}
✓ 3F5A62A7-1C08-412A-B09C-802BB0D13757 | 刪除 0 項 | quota=0 B | user_settings={'recommendations': {'enabled': '0'}, 'text': {'workspace_enabled': '0'}}
✓ 962994B0-3AE0-47B9-B53E-637D828D92BF | 刪除 0 項 | quota=0 B | user_settings={'recommendations': {'enabled': '0'}, 'text': {'workspace_enabled': '0'}}
✓ 276F742D-0E4C-4852-9300-8645D9B2D964 | 刪除 0 項 | quota=0 B | user_settings={'recommendations': {'enabled': '0'}, 'text': {'workspace_enabled': '0'}}
✓ F0C735F3-37C4-416E-B33D-805B8C8D1F87 | 刪除 0 項 | quota=0 B | user_settings={'recommendations': {'enabled': '0'}, 'text': {'workspace_enabled': '0'}}
✓ D857B683-3B5F-40BD-AA96-35838304E078 | 刪除 0 項 | quota=0 B | user_settings={'recommendations': {'enabled': '0'}, 'text': {'workspace_enabled': '0'}}
✓ 69C7EBB2-6BEF-4BB2-BAC3-D7D24770425B | 刪除 0 項 | quota=0 B | user_settings={'recommendations': {'enabled': '0'}, 'text': {'workspace_enabled': '0'}}
✓ 3AF32861-E0F0-4734-A3A6-9D90705DDE4A | 刪除 0 項 | quota=0 B | user_settings={'recommendations': {'enabled': '0'}, 'text': {'workspace_enabled': '0'}}
✓ 7D8B7AC1-9DA3-48D5-8293-7E3E513AF94C | 刪除 0 項 | quota=0 B | user_settings={'recommendations': {'enabled': '0'}, 'text': {'workspace_enabled': '0'}}
✓ 8E5FA7ED-DB58-4DA2-B119-41F6485AD929 | 刪除 0 項 | quota=0 B | user_settings={'recommendations': {'enabled': '0'}, 'text': {'workspace_enabled': '0'}}
✓ BD2EE61A-9933-45B3-8171-9A579231D9B4 | 刪除 0 項 | quota=0 B | user_settings={'recommendations': {'enabled': '0'}, 'text': {'workspace_enabled': '0'}}
✓ 135D1221-09B1-4753-8D87-494DF874BCDF | 刪除 0 項 | quota=0 B | user_settings={'recommendations': {'enabled': '0'}, 'text': {'workspace_enabled': '0'}}
✓ C51C0EDC-1CA0-47AB-B410-836C2CF534AA | 刪除 0 項 | quota=0 B | user_settings={'recommendations': {'enabled': '0'}, 'text': {'workspace_enabled': '0'}}
✓ 4F4BE8B7-435C-4513-B116-7AA3F34F4CE5 | 刪除 0 項 | quota=0 B | user_settings={'recommendations': {'enabled': '0'}, 'text': {'workspace_enabled': '0'}}
✓ 58BFA2D0-D549-4A6C-A1AE-8657768E94D6 | 刪除 0 項 | quota=0 B | user_settings={'recommendations': {'enabled': '0'}, 'text': {'workspace_enabled': '0'}}
✓ A13AC91D-6836-4798-B8E3-6B4F5BAAB2C7 | 刪除 0 項 | quota=0 B | user_settings={'recommendations': {'enabled': '0'}, 'text': {'workspace_enabled': '0'}}
✓ 499F68FA-7680-421E-BDFC-01574BCA3203 | 刪除 0 項 | quota=0 B | user_settings={'recommendations': {'enabled': '0'}, 'text': {'workspace_enabled': '0'}}
✓ 635010D1-A28E-4288-A617-C7376CC37226 | 刪除 0 項 | quota=0 B | user_settings={'recommendations': {'enabled': '0'}, 'text': {'workspace_enabled': '0'}}
✓ C1D4AEA2-AB04-4298-B0E2-A83C20E195FC | 刪除 0 項 | quota=0 B | user_settings={'recommendations': {'enabled': '0'}, 'text': {'workspace_enabled': '0'}}
✓ 0ACD4150-B479-4200-B103-DF897E4DC7C6 | 刪除 0 項 | quota=0 B | user_settings={'recommendations': {'enabled': '0'}, 'text': {'workspace_enabled': '0'}}
✓ 1D982426-4BBC-442C-952D-069E0137D6DB | 刪除 0 項 | quota=0 B | user_settings={'recommendations': {'enabled': '0'}, 'text': {'workspace_enabled': '0'}}
✓ F1FC8B2D-ADB3-4A6F-BBEC-A5D87B74FCC2 | 刪除 0 項 | quota=0 B | user_settings={'recommendations': {'enabled': '0'}, 'text': {'workspace_enabled': '0'}}
✓ 6BAACD32-8A6B-4C60-9E0D-A6FD274965E5 | 刪除 0 項 | quota=0 B | user_settings={'recommendations': {'enabled': '0'}, 'text': {'workspace_enabled': '0'}}
✓ DBCB11E2-1581-45B2-AAA7-BB590D0DDD1C | 刪除 0 項 | quota=0 B | user_settings={'recommendations': {'enabled': '0'}, 'text': {'workspace_enabled': '0'}}
✓ 0A3CE886-985B-41E1-BEE8-8E596EBAC3DF | 刪除 0 項 | quota=0 B | user_settings={'recommendations': {'enabled': '0'}, 'text': {'workspace_enabled': '0'}}
✓ 41C31FDD-3DC9-40ED-897A-A0A45E10C2DD | 刪除 0 項 | quota=0 B | user_settings={'recommendations': {'enabled': '0'}, 'text': {'workspace_enabled': '0'}}
✓ EDDE714A-443D-4979-AA11-1B094672A2D7 | 刪除 0 項 | quota=0 B | user_settings={'recommendations': {'enabled': '0'}, 'text': {'workspace_enabled': '0'}}
✓ 8219A283-277F-415A-97AB-33C481A87C49 | 刪除 0 項 | quota=0 B | user_settings={'recommendations': {'enabled': '0'}, 'text': {'workspace_enabled': '0'}}
✓ E049C4C8-ECD5-4313-B93B-11B532F56A8B | 刪除 0 項 | quota=0 B | user_settings={'recommendations': {'enabled': '0'}, 'text': {'workspace_enabled': '0'}}
✓ 33BCB502-B1CE-47E5-AA63-D70E90AC841C | 刪除 0 項 | quota=0 B | user_settings={'recommendations': {'enabled': '0'}, 'text': {'workspace_enabled': '0'}}
✓ 67DCDA36-2A37-42FD-9DBC-DCF1B3989EC8 | 刪除 0 項 | quota=0 B | user_settings={'recommendations': {'enabled': '0'}, 'text': {'workspace_enabled': '0'}}
✓ 6F18991E-DAF0-43C6-A40D-E22B3AAD1080 | 刪除 0 項 | quota=0 B | user_settings={'recommendations': {'enabled': '0'}, 'text': {'workspace_enabled': '0'}}
✓ 07B63A56-04B8-4BE5-A739-E444012E04BF | 刪除 0 項 | quota=0 B | user_settings={'recommendations': {'enabled': '0'}, 'text': {'workspace_enabled': '0'}}
✓ 27173D84-AAB0-40A6-A49C-DC3718B0957A | 刪除 0 項 | quota=0 B | user_settings={'recommendations': {'enabled': '0'}, 'text': {'workspace_enabled': '0'}}
✓ 5166DEE3-5D30-4977-92D2-29FF24AF0748 | 刪除 0 項 | quota=0 B | user_settings={'recommendations': {'enabled': '0'}, 'text': {'workspace_enabled': '0'}}
✓ CD9CF761-CD8A-454C-9095-229DDCF99D30 | 刪除 0 項 | quota=0 B | user_settings={'recommendations': {'enabled': '0'}, 'text': {'workspace_enabled': '0'}}
✓ 688B0E15-18B1-40A4-9CBC-4DE6F2952AFC | 刪除 0 項 | quota=0 B | user_settings={'recommendations': {'enabled': '0'}, 'text': {'workspace_enabled': '0'}}
✓ E9FFDCF5-E0A2-47AC-A4EB-959439FBFF9A | 刪除 0 項 | quota=0 B | user_settings={'recommendations': {'enabled': '0'}, 'text': {'workspace_enabled': '0'}}
✓ 71D65AFB-E534-409C-A725-BD2DBC6DF147 | 刪除 0 項 | quota=0 B | user_settings={'recommendations': {'enabled': '0'}, 'text': {'workspace_enabled': '0'}}
✓ 653B59E5-3719-42F8-A982-B2BAA65E7828 | 刪除 0 項 | quota=0 B | user_settings={'recommendations': {'enabled': '0'}, 'text': {'workspace_enabled': '0'}}
✓ 97825B51-0C4C-4F2A-BD37-8C2C46652251 | 刪除 0 項 | quota=0 B | user_settings={'recommendations': {'enabled': '0'}, 'text': {'workspace_enabled': '0'}}
✓ C3581312-409F-48F9-BAD8-C27CD65969B4 | 刪除 0 項 | quota=0 B | user_settings={'recommendations': {'enabled': '0'}, 'text': {'workspace_enabled': '0'}}
✓ BC0F7FE4-22D4-4B9B-9720-7A21BB04D0AF | 刪除 0 項 | quota=0 B | user_settings={'recommendations': {'enabled': '0'}, 'text': {'workspace_enabled': '0'}}
✓ 22F8DF1F-741C-4B15-B7B5-2CE0345A08B0 | 刪除 0 項 | quota=0 B | user_settings={'recommendations': {'enabled': '0'}, 'text': {'workspace_enabled': '0'}}
✓ 82FA6C82-77BB-41A1-B4E4-6BCA34DE68E2 | 刪除 0 項 | quota=0 B | user_settings={'recommendations': {'enabled': '0'}, 'text': {'workspace_enabled': '0'}}
✓ 8411911A-61CA-4FE3-B5DF-5E10CAC48053 | 刪除 0 項 | quota=0 B | user_settings={'recommendations': {'enabled': '0'}, 'text': {'workspace_enabled': '0'}}
✓ A9609311-8A15-4022-B1F2-4DC77F6ED546 | 刪除 0 項 | quota=0 B | user_settings={'recommendations': {'enabled': '0'}, 'text': {'workspace_enabled': '0'}}
✓ 921EED47-3BFE-4611-9521-E8F098F1CCCD | 刪除 0 項 | quota=0 B | user_settings={'recommendations': {'enabled': '0'}, 'text': {'workspace_enabled': '0'}}
✓ 9A44A58A-B1C1-4721-9E69-5E7BF06C03FF | 刪除 0 項 | quota=0 B | user_settings={'recommendations': {'enabled': '0'}, 'text': {'workspace_enabled': '0'}}
✓ 72A0B7EE-C092-40AC-89F9-7A13CE88F13D | 刪除 0 項 | quota=0 B | user_settings={'recommendations': {'enabled': '0'}, 'text': {'workspace_enabled': '0'}}
✓ 9A7B789C-A64B-45BF-B8C3-A4DB0223275D | 刪除 0 項 | quota=0 B | user_settings={'recommendations': {'enabled': '0'}, 'text': {'workspace_enabled': '0'}}
✓ C8E24B2C-5E01-48D9-BA0C-F419636FEA6F | 刪除 0 項 | quota=0 B | user_settings={'recommendations': {'enabled': '0'}, 'text': {'workspace_enabled': '0'}}
✓ 3AECD169-7DE3-4A59-B2F4-BDDFAA127ACF | 刪除 0 項 | quota=0 B | user_settings={'recommendations': {'enabled': '0'}, 'text': {'workspace_enabled': '0'}}
✓ E11564A2-72BA-4D91-86D5-3D701D760D12 | 刪除 0 項 | quota=0 B | user_settings={'recommendations': {'enabled': '0'}, 'text': {'workspace_enabled': '0'}}
✓ C1F536CF-33A1-4AA2-AA7C-3E9A90D34B75 | 刪除 0 項 | quota=0 B | user_settings={'recommendations': {'enabled': '0'}, 'text': {'workspace_enabled': '0'}}
✓ 42C37972-340B-45CA-AE99-749EB8C39D31 | 刪除 0 項 | quota=0 B | user_settings={'recommendations': {'enabled': '0'}, 'text': {'workspace_enabled': '0'}}
✓ 7AFD126F-3E25-41ED-BE88-72B639C4BEA1 | 刪除 0 項 | quota=0 B | user_settings={'recommendations': {'enabled': '0'}, 'text': {'workspace_enabled': '0'}}
✓ 80AB7F65-7F22-4C5A-8CFD-1D32B32512D2 | 刪除 0 項 | quota=0 B | user_settings={'recommendations': {'enabled': '0'}, 'text': {'workspace_enabled': '0'}}
✓ E23C7EA8-AE49-4777-8DD1-719833B4E1AB | 刪除 0 項 | quota=0 B | user_settings={'recommendations': {'enabled': '0'}, 'text': {'workspace_enabled': '0'}}
✓ 4E22966F-DF72-4AD8-A20A-95DC0556897D | 刪除 0 項 | quota=0 B | user_settings={'recommendations': {'enabled': '0'}, 'text': {'workspace_enabled': '0'}}
✓ C42F43BE-32BD-4746-871E-B2FE865E6E45 | 刪除 0 項 | quota=0 B | user_settings={'recommendations': {'enabled': '0'}, 'text': {'workspace_enabled': '0'}}
✓ 32555779-02B1-460E-9677-C272F6B1D715 | 刪除 0 項 | quota=0 B | user_settings={'recommendations': {'enabled': '0'}, 'text': {'workspace_enabled': '0'}}
✓ 973FAEE8-F77B-41B5-BA8A-143CF38D5252 | 刪除 0 項 | quota=0 B | user_settings={'recommendations': {'enabled': '0'}, 'text': {'workspace_enabled': '0'}}
✓ 94C6BE64-F995-4FFC-BE6B-F1CF3F192E15 | 刪除 0 項 | quota=0 B | user_settings={'recommendations': {'enabled': '0'}, 'text': {'workspace_enabled': '0'}}
✓ 5F4AC10E-68FB-4A78-A20B-7BF033556AA1 | 刪除 0 項 | quota=0 B | user_settings={'recommendations': {'enabled': '0'}, 'text': {'workspace_enabled': '0'}}
✓ 72BA87A7-457E-43DB-A49F-638DE05CE444 | 刪除 0 項 | quota=0 B | user_settings={'recommendations': {'enabled': '0'}, 'text': {'workspace_enabled': '0'}}
✓ CC1D7A6B-D059-444B-8C2A-B316DC575A8A | 刪除 0 項 | quota=0 B | user_settings={'recommendations': {'enabled': '0'}, 'text': {'workspace_enabled': '0'}}
✓ B030802F-8E60-49FF-A5B8-22FF716A8BE0 | 刪除 0 項 | quota=0 B | user_settings={'recommendations': {'enabled': '0'}, 'text': {'workspace_enabled': '0'}}
✓ DC4038B4-057D-4940-9E1B-08707E6C9F9B | 刪除 0 項 | quota=0 B | user_settings={'recommendations': {'enabled': '0'}, 'text': {'workspace_enabled': '0'}}
✓ 632B3C3D-1ED4-4303-8773-4D7AEC775E3F | 刪除 0 項 | quota=0 B | user_settings={'recommendations': {'enabled': '0'}, 'text': {'workspace_enabled': '0'}}
✓ 14B60EAF-BBB8-4E3E-A1F7-448A848DE85F | 刪除 0 項 | quota=0 B | user_settings={'recommendations': {'enabled': '0'}, 'text': {'workspace_enabled': '0'}}
✓ 8017FDEB-84B3-4249-9238-A5290E0B4A5F | 刪除 0 項 | quota=0 B | user_settings={'recommendations': {'enabled': '0'}, 'text': {'workspace_enabled': '0'}}
✓ 459B0BC6-0A4F-420A-AC6E-28E68521E9D7 | 刪除 0 項 | quota=0 B | user_settings={'recommendations': {'enabled': '0'}, 'text': {'workspace_enabled': '0'}}
✓ 94CECB36-C236-4687-9644-8131BBD7908A | 刪除 0 項 | quota=0 B | user_settings={'recommendations': {'enabled': '0'}, 'text': {'workspace_enabled': '0'}}
✓ 02E44B56-56E9-450B-A809-55BBFF1166E1 | 刪除 0 項 | quota=0 B | user_settings={'recommendations': {'enabled': '0'}, 'text': {'workspace_enabled': '0'}}
✓ 3B32C2A1-F96A-4615-9263-4CA6FC1BB85C | 刪除 0 項 | quota=0 B | user_settings={'recommendations': {'enabled': '0'}, 'text': {'workspace_enabled': '0'}}
✓ BDDA090C-0ED0-4993-8185-49392E176175 | 刪除 0 項 | quota=0 B | user_settings={'recommendations': {'enabled': '0'}, 'text': {'workspace_enabled': '0'}}
✓ 6C993D95-AB22-4FF6-A55C-EBD34396C568 | 刪除 0 項 | quota=0 B | user_settings={'recommendations': {'enabled': '0'}, 'text': {'workspace_enabled': '0'}}
✓ A2191923-F634-4F49-B934-956B916E9968 | 刪除 0 項 | quota=0 B | user_settings={'recommendations': {'enabled': '0'}, 'text': {'workspace_enabled': '0'}}
✓ EEC1D8C0-336E-4174-AE6F-C7813C01CC97 | 刪除 0 項 | quota=0 B | user_settings={'recommendations': {'enabled': '0'}, 'text': {'workspace_enabled': '0'}}
✓ FB4C116A-1156-4991-B93A-0E7DB804D10F | 刪除 0 項 | quota=0 B | user_settings={'recommendations': {'enabled': '0'}, 'text': {'workspace_enabled': '0'}}
✓ 06A5E976-F6AD-428C-B9A8-45B328690D1A | 刪除 0 項 | quota=0 B | user_settings={'recommendations': {'enabled': '0'}, 'text': {'workspace_enabled': '0'}}
✓ 7B4F486A-C7F7-48C5-9289-56BA43759FD4 | 刪除 0 項 | quota=0 B | user_settings={'recommendations': {'enabled': '0'}, 'text': {'workspace_enabled': '0'}}
✓ 30E0862C-04B5-44EC-927C-2EDAAEDA8094 | 刪除 0 項 | quota=0 B | user_settings={'recommendations': {'enabled': '0'}, 'text': {'workspace_enabled': '0'}}
✓ A1DEC175-CA63-4892-B4C0-9950BFE53B66 | 刪除 0 項 | quota=0 B | user_settings={'recommendations': {'enabled': '0'}, 'text': {'workspace_enabled': '0'}}
✓ 3D378B11-4794-4F7D-B0F1-E90F03796C5D | 刪除 0 項 | quota=0 B | user_settings={'recommendations': {'enabled': '0'}, 'text': {'workspace_enabled': '0'}}
✓ E8A926AE-CA20-47D6-A5EE-4118980EC5A3 | 刪除 0 項 | quota=0 B | user_settings={'recommendations': {'enabled': '0'}, 'text': {'workspace_enabled': '0'}}
✓ 36DECF70-23D1-463A-8131-643D0C8578D9 | 刪除 0 項 | quota=0 B | user_settings={'recommendations': {'enabled': '0'}, 'text': {'workspace_enabled': '0'}}
✓ A8602E16-8024-4193-8E23-3B9CF41D9015 | 刪除 0 項 | quota=0 B | user_settings={'recommendations': {'enabled': '0'}, 'text': {'workspace_enabled': '0'}}
✓ EF007191-3D4F-478C-81C9-EA721AC1BD19 | 刪除 0 項 | quota=0 B | user_settings={'recommendations': {'enabled': '0'}, 'text': {'workspace_enabled': '0'}}
✓ 3408436F-3B4B-455F-A8DE-6156D49F782D | 刪除 0 項 | quota=0 B | user_settings={'recommendations': {'enabled': '0'}, 'text': {'workspace_enabled': '0'}}
✓ A07B5D29-B968-4049-8B8D-8059308A0E59 | 刪除 0 項 | quota=0 B | user_settings={'recommendations': {'enabled': '0'}, 'text': {'workspace_enabled': '0'}}
✓ DA9EC410-52BB-47F6-B21A-14A34C010135 | 刪除 0 項 | quota=0 B | user_settings={'recommendations': {'enabled': '0'}, 'text': {'workspace_enabled': '0'}}
✓ 90F95804-B25E-4676-87B0-67118CCB90C5 | 刪除 0 項 | quota=0 B | user_settings={'recommendations': {'enabled': '0'}, 'text': {'workspace_enabled': '0'}}
✓ A0C22345-C75B-4886-A7CF-3CD381A33E87 | 刪除 0 項 | quota=0 B | user_settings={'recommendations': {'enabled': '0'}, 'text': {'workspace_enabled': '0'}} | 殘留 ['minio-00031581']
✓ AE0B723C-E3D4-4469-A37E-806991F5D263 | 刪除 0 項 | quota=0 B | user_settings={'recommendations': {'enabled': '0'}, 'text': {'workspace_enabled': '0'}}
✓ 297B7ADF-478D-4D14-AF5C-295BC2AE8A76 | 刪除 0 項 | quota=0 B | user_settings={'recommendations': {'enabled': '0'}, 'text': {'workspace_enabled': '0'}}
✓ 84DB392F-40F1-447F-B67F-8C1CBD785ACB | 刪除 0 項 | quota=0 B | user_settings={'recommendations': {'enabled': '0'}, 'text': {'workspace_enabled': '0'}}
✓ 458B27B5-CFED-4F24-B5B5-16A7A84E75AF | 刪除 0 項 | quota=0 B | user_settings={'recommendations': {'enabled': '0'}, 'text': {'workspace_enabled': '0'}}
✓ 3D6DE692-EA7E-4CB6-A86A-CA49C962962F | 刪除 0 項 | quota=0 B | user_settings={'recommendations': {'enabled': '0'}, 'text': {'workspace_enabled': '0'}}
✓ 640CF2F3-65A7-4A37-AEC8-AAF605A13A2F | 刪除 0 項 | quota=0 B | user_settings={'recommendations': {'enabled': '0'}, 'text': {'workspace_enabled': '0'}}
✓ F83CAA37-A0E7-48EA-B7B6-DCD60C008286 | 刪除 0 項 | quota=0 B | user_settings={'recommendations': {'enabled': '0'}, 'text': {'workspace_enabled': '0'}}
✓ 9826A85D-F0BE-4644-8842-DBC964EA0AEC | 刪除 0 項 | quota=0 B | user_settings={'recommendations': {'enabled': '0'}, 'text': {'workspace_enabled': '0'}}
✓ 8E2AE4BE-DA23-452F-895F-C899288902C8 | 刪除 0 項 | quota=0 B | user_settings={'recommendations': {'enabled': '0'}, 'text': {'workspace_enabled': '0'}}
✓ FCC3F484-8585-44AD-9542-0FF598131D85 | 刪除 0 項 | quota=0 B | user_settings={'recommendations': {'enabled': '0'}, 'text': {'workspace_enabled': '0'}}
✓ 84B3D835-90AF-49EA-BFE7-E98246E53A6A | 刪除 0 項 | quota=0 B | user_settings={'recommendations': {'enabled': '0'}, 'text': {'workspace_enabled': '0'}}
✓ F0C6BCA4-1903-4A50-AF8B-4B9B49073758 | 刪除 0 項 | quota=0 B | user_settings={'recommendations': {'enabled': '0'}, 'text': {'workspace_enabled': '0'}}
✓ 1066F615-62FD-4D7B-9CB6-119868D73C5C | 刪除 0 項 | quota=0 B | user_settings={'recommendations': {'enabled': '0'}, 'text': {'workspace_enabled': '0'}}
✓ 589080F3-6C59-4873-9D6E-D4A053E8EB1D | 刪除 0 項 | quota=0 B | user_settings={'recommendations': {'enabled': '0'}, 'text': {'workspace_enabled': '0'}} | 殘留 ['minio-00034129']
✓ 0112B90A-7721-4D99-9D41-3B6897C9810A | 刪除 0 項 | quota=0 B | user_settings={'recommendations': {'enabled': '0'}, 'text': {'workspace_enabled': '0'}}
✓ 07A9F4BB-B7EA-435D-8225-AD7EB5DEA035 | 刪除 0 項 | quota=0 B | user_settings={'recommendations': {'enabled': '0'}, 'text': {'workspace_enabled': '0'}}
✓ F878B461-C843-4014-A5B7-5ED47D0CB018 | 刪除 0 項 | quota=0 B | user_settings={'recommendations': {'enabled': '0'}, 'text': {'workspace_enabled': '0'}}
✓ 3B210925-A6F7-4EED-A7A5-6E57C310FB41 | 刪除 9 項 | quota=0 B | user_settings={'recommendations': {'enabled': '0'}, 'text': {'workspace_enabled': '0'}} | 殘留 ['Documents', 'Nextcloud Manual.pdf', 'Nextcloud intro.mp4', 'Nextcloud.png', 'Photos', 'Readme.md', 'Reasons to use Nextcloud.pdf', 'Templates credits.md', '範本', 'minio-00034584']
✓ ECEE65C0-A1AA-4289-8980-E9B68287B50C | 刪除 0 項 | quota=0 B | user_settings={'recommendations': {'enabled': '0'}, 'text': {'workspace_enabled': '0'}}
✓ 451CEA41-B7B6-4D23-864B-78AE96C01B2C | 刪除 0 項 | quota=0 B | user_settings={'recommendations': {'enabled': '0'}, 'text': {'workspace_enabled': '0'}}
✓ 8AAAC563-80F8-4C96-9280-0A43EBD41E24 | 刪除 0 項 | quota=0 B | user_settings={'recommendations': {'enabled': '0'}, 'text': {'workspace_enabled': '0'}}
✓ FB4D653E-F959-4A97-ABDD-4AB1D20B4BDF | 刪除 0 項 | quota=0 B | user_settings={'recommendations': {'enabled': '0'}, 'text': {'workspace_enabled': '0'}}
✓ 53137B9A-AA22-4C5B-9862-547FEACDA4B7 | 刪除 0 項 | quota=0 B | user_settings={'recommendations': {'enabled': '0'}, 'text': {'workspace_enabled': '0'}}
✓ F79A7760-CBDB-47FF-A7B5-7A2DB2DF76E8 | 刪除 0 項 | quota=0 B | user_settings={'recommendations': {'enabled': '0'}, 'text': {'workspace_enabled': '0'}}
✓ 596AB1B0-178C-43F6-B263-CEA6F44B5ABF | 刪除 0 項 | quota=0 B | user_settings={'recommendations': {'enabled': '0'}, 'text': {'workspace_enabled': '0'}} | 殘留 ['minio-00035676']
✓ 6C39D91F-57EB-4184-95BE-18A259570A0A | 刪除 0 項 | quota=0 B | user_settings={'recommendations': {'enabled': '0'}, 'text': {'workspace_enabled': '0'}}
✓ D25505EA-6C7C-4814-B135-A48FD052E5D6 | 刪除 0 項 | quota=0 B | user_settings={'recommendations': {'enabled': '0'}, 'text': {'workspace_enabled': '0'}}
✓ CAC2B9B9-4448-48A8-8A23-AF9BAEA3E999 | 刪除 0 項 | quota=0 B | user_settings={'recommendations': {'enabled': '0'}, 'text': {'workspace_enabled': '0'}}
✓ 8BC3AAA0-B21A-4801-BC68-421DCB076504 | 刪除 0 項 | quota=0 B | user_settings={'recommendations': {'enabled': '0'}, 'text': {'workspace_enabled': '0'}}
✓ 385EC42E-FE31-408F-926D-EC97BFBB60BC | 刪除 0 項 | quota=0 B | user_settings={'recommendations': {'enabled': '0'}, 'text': {'workspace_enabled': '0'}}
✓ 177A5454-7246-4C41-890D-D63157B52795 | 刪除 0 項 | quota=0 B | user_settings={'recommendations': {'enabled': '0'}, 'text': {'workspace_enabled': '0'}}
✓ 7FB2BF01-B57F-4B14-B6FF-2482FB9F1D74 | 刪除 0 項 | quota=0 B | user_settings={'recommendations': {'enabled': '0'}, 'text': {'workspace_enabled': '0'}}
✓ B1023581-20D0-4226-B7DB-D49AB5E4E79C | 刪除 0 項 | quota=0 B | user_settings={'recommendations': {'enabled': '0'}, 'text': {'workspace_enabled': '0'}}
✓ 748D4F89-1B93-43A8-BB68-A3B8E6899F05 | 刪除 0 項 | quota=0 B | user_settings={'recommendations': {'enabled': '0'}, 'text': {'workspace_enabled': '0'}}
✓ EED5563D-4B25-4B09-B6A4-ED9E48D1EEEC | 刪除 0 項 | quota=0 B | user_settings={'recommendations': {'enabled': '0'}, 'text': {'workspace_enabled': '0'}}
✓ 3B01E615-A986-4FAE-B38E-EA5B128FD966 | 刪除 0 項 | quota=0 B | user_settings={'recommendations': {'enabled': '0'}, 'text': {'workspace_enabled': '0'}}
✓ 568CCB9D-F227-45B3-B13A-179299C7AADE | 刪除 0 項 | quota=0 B | user_settings={'recommendations': {'enabled': '0'}, 'text': {'workspace_enabled': '0'}}
✓ 84885736-8F16-490D-9D21-9D59E7E74855 | 刪除 0 項 | quota=0 B | user_settings={'recommendations': {'enabled': '0'}, 'text': {'workspace_enabled': '0'}}
✓ 650AFEC8-5529-4A1E-BF32-FE1A2E3B1C87 | 刪除 0 項 | quota=0 B | user_settings={'recommendations': {'enabled': '0'}, 'text': {'workspace_enabled': '0'}}
✓ EECE8BDD-EEE0-44C6-84D7-3C42B6884919 | 刪除 0 項 | quota=0 B | user_settings={'recommendations': {'enabled': '0'}, 'text': {'workspace_enabled': '0'}}
✓ DB6EFE18-D4F8-4454-A83D-E200D95295FA | 刪除 0 項 | quota=0 B | user_settings={'recommendations': {'enabled': '0'}, 'text': {'workspace_enabled': '0'}}
✓ 4CCAF6FB-A125-4A07-8956-F7543BD92FE4 | 刪除 0 項 | quota=0 B | user_settings={'recommendations': {'enabled': '0'}, 'text': {'workspace_enabled': '0'}}
✓ 15BA701C-45AB-4FB5-9D98-19B11DA91963 | 刪除 0 項 | quota=0 B | user_settings={'recommendations': {'enabled': '0'}, 'text': {'workspace_enabled': '0'}}
✓ DB6ECC14-C992-4E83-95A9-361C3D49161C | 刪除 0 項 | quota=0 B | user_settings={'recommendations': {'enabled': '0'}, 'text': {'workspace_enabled': '0'}}
✓ 2E47D065-28BD-4E6C-9C4C-38D08FD4139C | 刪除 0 項 | quota=0 B | user_settings={'recommendations': {'enabled': '0'}, 'text': {'workspace_enabled': '0'}}
✓ A57FFC1A-3607-4265-9B35-1835E4D78CD2 | 刪除 0 項 | quota=0 B | user_settings={'recommendations': {'enabled': '0'}, 'text': {'workspace_enabled': '0'}}
✓ 15A2E0F7-DDF3-45AA-BE37-B4DC484D5D1F | 刪除 0 項 | quota=0 B | user_settings={'recommendations': {'enabled': '0'}, 'text': {'workspace_enabled': '0'}}
✓ 5A1678D6-ECFD-4795-BC5D-AB7BAC282EB0 | 刪除 0 項 | quota=0 B | user_settings={'recommendations': {'enabled': '0'}, 'text': {'workspace_enabled': '0'}}
✓ 5A2A5338-0335-40A1-87EE-195FA7219AED | 刪除 0 項 | quota=0 B | user_settings={'recommendations': {'enabled': '0'}, 'text': {'workspace_enabled': '0'}}
✓ 189A181F-F090-4280-8A6E-C40C011C6E5A | 刪除 0 項 | quota=0 B | user_settings={'recommendations': {'enabled': '0'}, 'text': {'workspace_enabled': '0'}}
✓ C17E68DA-DE79-4031-83C3-E8CD1CE509CF | 刪除 0 項 | quota=0 B | user_settings={'recommendations': {'enabled': '0'}, 'text': {'workspace_enabled': '0'}}
✓ 13641B65-4D68-4CDF-9DC1-C674FE2C2B82 | 刪除 0 項 | quota=0 B | user_settings={'recommendations': {'enabled': '0'}, 'text': {'workspace_enabled': '0'}}
✓ 92B81DD9-1BF6-44D0-B15E-07EBEADC04C9 | 刪除 0 項 | quota=0 B | user_settings={'recommendations': {'enabled': '0'}, 'text': {'workspace_enabled': '0'}}
✓ 4D341839-1FD4-4460-B642-ABE801773221 | 刪除 0 項 | quota=0 B | user_settings={'recommendations': {'enabled': '0'}, 'text': {'workspace_enabled': '0'}}
✓ A47ADE9A-7A5D-4AE9-8EF4-AD014A9D8E44 | 刪除 0 項 | quota=0 B | user_settings={'recommendations': {'enabled': '0'}, 'text': {'workspace_enabled': '0'}}
✓ A66D8310-D932-4D61-A9ED-68BB9915A6C0 | 刪除 0 項 | quota=0 B | user_settings={'recommendations': {'enabled': '0'}, 'text': {'workspace_enabled': '0'}}
✓ FF8A8855-006C-41F0-B5F2-BB08568254FF | 刪除 0 項 | quota=0 B | user_settings={'recommendations': {'enabled': '0'}, 'text': {'workspace_enabled': '0'}}
✓ 8FF16CCB-0140-449A-8941-1B8BEFEF221C | 刪除 0 項 | quota=0 B | user_settings={'recommendations': {'enabled': '0'}, 'text': {'workspace_enabled': '0'}}
✓ CB53536B-21BB-4610-AB36-FEFC8221876E | 刪除 0 項 | quota=0 B | user_settings={'recommendations': {'enabled': '0'}, 'text': {'workspace_enabled': '0'}}
✓ 77266C26-A7F0-41F1-B2D2-2AC26B45C873 | 刪除 0 項 | quota=0 B | user_settings={'recommendations': {'enabled': '0'}, 'text': {'workspace_enabled': '0'}}
✓ C7827F02-885F-4D16-B22A-095851619774 | 刪除 0 項 | quota=0 B | user_settings={'recommendations': {'enabled': '0'}, 'text': {'workspace_enabled': '0'}}
✓ 0BFE3E23-68AD-4672-99A6-78D3C377B183 | 刪除 0 項 | quota=0 B | user_settings={'recommendations': {'enabled': '0'}, 'text': {'workspace_enabled': '0'}}
✓ 5E75A920-F5D6-4CB8-898C-04AC6F88B8F4 | 刪除 0 項 | quota=0 B | user_settings={'recommendations': {'enabled': '0'}, 'text': {'workspace_enabled': '0'}}
✓ A54ED661-22F2-4EB5-9C7F-D8E18C6C86A4 | 刪除 0 項 | quota=0 B | user_settings={'recommendations': {'enabled': '0'}, 'text': {'workspace_enabled': '0'}}
✓ A30CE052-DAC6-40BD-B7C2-39C4597D3DED | 刪除 0 項 | quota=0 B | user_settings={'recommendations': {'enabled': '0'}, 'text': {'workspace_enabled': '0'}}
✓ 2317DA23-76DF-4655-806D-2DCFEDF8F208 | 刪除 0 項 | quota=0 B | user_settings={'recommendations': {'enabled': '0'}, 'text': {'workspace_enabled': '0'}}
✓ E8F20061-E18B-42DC-9295-452EB910C3A3 | 刪除 0 項 | quota=0 B | user_settings={'recommendations': {'enabled': '0'}, 'text': {'workspace_enabled': '0'}}
✓ 65F58CBE-D1DD-4E0E-9F4D-C9E221E29FEB | 刪除 0 項 | quota=0 B | user_settings={'recommendations': {'enabled': '0'}, 'text': {'workspace_enabled': '0'}}
✓ 5DB1D62C-59DB-4E80-9EE8-B50D9C238CB0 | 刪除 0 項 | quota=0 B | user_settings={'recommendations': {'enabled': '0'}, 'text': {'workspace_enabled': '0'}}
✓ 83FBCE67-C347-429B-B6E2-91D2C4CF68C4 | 刪除 0 項 | quota=0 B | user_settings={'recommendations': {'enabled': '0'}, 'text': {'workspace_enabled': '0'}}
✓ 6E3DE875-5CC5-4B3A-9050-3CA4E3B7DD01 | 刪除 0 項 | quota=0 B | user_settings={'recommendations': {'enabled': '0'}, 'text': {'workspace_enabled': '0'}}
✓ C4DD2A33-755C-4E1E-9457-5C1783F7E8AC | 刪除 0 項 | quota=0 B | user_settings={'recommendations': {'enabled': '0'}, 'text': {'workspace_enabled': '0'}}
✓ BF3B63AA-381F-4E05-A047-6FF789C21A5F | 刪除 0 項 | quota=0 B | user_settings={'recommendations': {'enabled': '0'}, 'text': {'workspace_enabled': '0'}}
✓ E6F93947-3128-4F98-ABE7-6A9A3C230855 | 刪除 0 項 | quota=0 B | user_settings={'recommendations': {'enabled': '0'}, 'text': {'workspace_enabled': '0'}}
✓ F3746752-84CA-4CB3-8383-D3781153F7CE | 刪除 0 項 | quota=0 B | user_settings={'recommendations': {'enabled': '0'}, 'text': {'workspace_enabled': '0'}}
✓ 92CC635C-4608-4982-AA7A-A5F28BC5E3D4 | 刪除 0 項 | quota=0 B | user_settings={'recommendations': {'enabled': '0'}, 'text': {'workspace_enabled': '0'}}
✓ 03F6B0CA-7B82-44DB-A3EF-8F065CAAF68F | 刪除 0 項 | quota=0 B | user_settings={'recommendations': {'enabled': '0'}, 'text': {'workspace_enabled': '0'}}
✓ 70CF0288-EA68-4C4A-BC3F-A1E7E8969501 | 刪除 0 項 | quota=0 B | user_settings={'recommendations': {'enabled': '0'}, 'text': {'workspace_enabled': '0'}}
✓ F0E2004B-E292-4775-8087-699BCF4B0A49 | 刪除 0 項 | quota=0 B | user_settings={'recommendations': {'enabled': '0'}, 'text': {'workspace_enabled': '0'}}
✓ 90C448B6-04DD-4478-B77C-4D0FBED870F1 | 刪除 0 項 | quota=0 B | user_settings={'recommendations': {'enabled': '0'}, 'text': {'workspace_enabled': '0'}}
✓ 1700C804-67A8-4E67-AEC7-A9522FE03256 | 刪除 0 項 | quota=0 B | user_settings={'recommendations': {'enabled': '0'}, 'text': {'workspace_enabled': '0'}}
✓ 63C69B40-F1FF-42E1-B1AC-29C0AD740063 | 刪除 0 項 | quota=0 B | user_settings={'recommendations': {'enabled': '0'}, 'text': {'workspace_enabled': '0'}}
✓ 72D37D15-EB73-4947-8E14-4047F1CB166F | 刪除 0 項 | quota=0 B | user_settings={'recommendations': {'enabled': '0'}, 'text': {'workspace_enabled': '0'}}
✓ C39522EB-928D-45AC-986D-D9677B93E061 | 刪除 0 項 | quota=0 B | user_settings={'recommendations': {'enabled': '0'}, 'text': {'workspace_enabled': '0'}}
✓ 7D495796-BEC4-435C-B0F5-A1DE323A82E8 | 刪除 0 項 | quota=0 B | user_settings={'recommendations': {'enabled': '0'}, 'text': {'workspace_enabled': '0'}}
✓ EE063239-60F2-4968-872C-66B2FBCB0E7E | 刪除 0 項 | quota=0 B | user_settings={'recommendations': {'enabled': '0'}, 'text': {'workspace_enabled': '0'}}
✓ 2013F108-1BA6-4727-8742-857B700D5D08 | 刪除 0 項 | quota=0 B | user_settings={'recommendations': {'enabled': '0'}, 'text': {'workspace_enabled': '0'}} | 殘留 ['minio-00046240']
✓ A02ECA60-1452-4822-8C8A-215A9714D3C5 | 刪除 0 項 | quota=0 B | user_settings={'recommendations': {'enabled': '0'}, 'text': {'workspace_enabled': '0'}}
✓ 3D18B981-1B57-48EA-8A5F-9469E4E05286 | 刪除 0 項 | quota=0 B | user_settings={'recommendations': {'enabled': '0'}, 'text': {'workspace_enabled': '0'}}
✓ 01BF5019-A2C9-4CD4-8699-55CA1CF30AC2 | 刪除 0 項 | quota=0 B | user_settings={'recommendations': {'enabled': '0'}, 'text': {'workspace_enabled': '0'}}
✓ 7B97CB11-94F7-4C98-97D3-72DB5644E735 | 刪除 0 項 | quota=0 B | user_settings={'recommendations': {'enabled': '0'}, 'text': {'workspace_enabled': '0'}}
✓ ACC9B454-2014-4DDD-8D0B-DB7B00D15E6C | 刪除 0 項 | quota=0 B | user_settings={'recommendations': {'enabled': '0'}, 'text': {'workspace_enabled': '0'}}
✓ 537B0158-101A-4CE9-A3CD-577BFA980455 | 刪除 0 項 | quota=0 B | user_settings={'recommendations': {'enabled': '0'}, 'text': {'workspace_enabled': '0'}}
✓ A3FB327E-B592-4D81-A1EE-3F9F7AF2334B | 刪除 0 項 | quota=0 B | user_settings={'recommendations': {'enabled': '0'}, 'text': {'workspace_enabled': '0'}}
✓ 53ADFAD1-B062-4C2D-9927-EEC8596FA174 | 刪除 0 項 | quota=0 B | user_settings={'recommendations': {'enabled': '0'}, 'text': {'workspace_enabled': '0'}}
✓ D8C7CA06-39FE-4AA5-AB71-C2F2697D5964 | 刪除 0 項 | quota=0 B | user_settings={'recommendations': {'enabled': '0'}, 'text': {'workspace_enabled': '0'}}
✓ 69D95E77-04CD-418E-B494-9AA104A083E9 | 刪除 0 項 | quota=0 B | user_settings={'recommendations': {'enabled': '0'}, 'text': {'workspace_enabled': '0'}}
✓ EB8E9A4B-11CE-4445-9A74-DE735AF8DCAC | 刪除 0 項 | quota=0 B | user_settings={'recommendations': {'enabled': '0'}, 'text': {'workspace_enabled': '0'}}
✓ CFC4953B-2ABA-455C-9CB6-7FC13C9A1ECA | 刪除 0 項 | quota=0 B | user_settings={'recommendations': {'enabled': '0'}, 'text': {'workspace_enabled': '0'}}
✓ AA22EE74-40FC-46EC-9798-DB65B43B790E | 刪除 0 項 | quota=0 B | user_settings={'recommendations': {'enabled': '0'}, 'text': {'workspace_enabled': '0'}}
✓ 6B1E7A50-E493-4A84-B8E3-6FDA648053F4 | 刪除 0 項 | quota=0 B | user_settings={'recommendations': {'enabled': '0'}, 'text': {'workspace_enabled': '0'}}
✓ DD2900BC-5C13-4F6B-9BEB-9DC7C1CFF13B | 刪除 0 項 | quota=0 B | user_settings={'recommendations': {'enabled': '0'}, 'text': {'workspace_enabled': '0'}}
✓ 436C836D-1CA4-41D9-8EC0-3FF34B2852A4 | 刪除 0 項 | quota=0 B | user_settings={'recommendations': {'enabled': '0'}, 'text': {'workspace_enabled': '0'}}
✓ 1425B0A5-9681-4354-995F-8E6D444388BC | 刪除 0 項 | quota=0 B | user_settings={'recommendations': {'enabled': '0'}, 'text': {'workspace_enabled': '0'}}
✓ DA860B0E-ED1E-4DC2-9D5E-C16300C4EC67 | 刪除 0 項 | quota=0 B | user_settings={'recommendations': {'enabled': '0'}, 'text': {'workspace_enabled': '0'}}
✓ 6F496987-777B-4148-88BA-4480D79AFFA8 | 刪除 0 項 | quota=0 B | user_settings={'recommendations': {'enabled': '0'}, 'text': {'workspace_enabled': '0'}}
✓ 0874FBBE-6C4E-41E3-90D9-F024E457EF29 | 刪除 0 項 | quota=0 B | user_settings={'recommendations': {'enabled': '0'}, 'text': {'workspace_enabled': '0'}}
✓ C7C93707-8AA9-4ECE-8F50-8901C64B8FAF | 刪除 0 項 | quota=0 B | user_settings={'recommendations': {'enabled': '0'}, 'text': {'workspace_enabled': '0'}}
✓ A6F45561-33B2-4070-8C47-8E9715656369 | 刪除 0 項 | quota=0 B | user_settings={'recommendations': {'enabled': '0'}, 'text': {'workspace_enabled': '0'}}
✓ 3D091B33-5E13-4ABB-8D29-16EC5891E7C8 | 刪除 0 項 | quota=0 B | user_settings={'recommendations': {'enabled': '0'}, 'text': {'workspace_enabled': '0'}}
✓ 0BF1F018-E2AC-42FC-A974-CB0C2CA0A6A3 | 刪除 0 項 | quota=0 B | user_settings={'recommendations': {'enabled': '0'}, 'text': {'workspace_enabled': '0'}}
✓ 0A36C124-9BE3-4DFD-95B2-67A45463534E | 刪除 0 項 | quota=0 B | user_settings={'recommendations': {'enabled': '0'}, 'text': {'workspace_enabled': '0'}}
✓ AFACABAC-1FC0-4910-841B-33679B0AF05F | 刪除 0 項 | quota=0 B | user_settings={'recommendations': {'enabled': '0'}, 'text': {'workspace_enabled': '0'}}
✓ 0F6C12EE-E6B8-47FD-833C-0F5B4863ABF7 | 刪除 0 項 | quota=0 B | user_settings={'recommendations': {'enabled': '0'}, 'text': {'workspace_enabled': '0'}}
✓ 409DF63F-F654-44A7-A3CE-B2FBF9563298 | 刪除 0 項 | quota=0 B | user_settings={'recommendations': {'enabled': '0'}, 'text': {'workspace_enabled': '0'}}
✓ 52B3710D-23AF-47DE-B46F-F8F2C10CE137 | 刪除 0 項 | quota=0 B | user_settings={'recommendations': {'enabled': '0'}, 'text': {'workspace_enabled': '0'}}
✓ 3E95443F-AD94-4465-B159-05EB77FE82A4 | 刪除 0 項 | quota=0 B | user_settings={'recommendations': {'enabled': '0'}, 'text': {'workspace_enabled': '0'}}
✓ 5E739B23-DC7E-4530-B6DC-53C4845E0D44 | 刪除 0 項 | quota=0 B | user_settings={'recommendations': {'enabled': '0'}, 'text': {'workspace_enabled': '0'}}
✓ 4284EA16-6802-4C0D-B30B-9B42660AAB71 | 刪除 0 項 | quota=0 B | user_settings={'recommendations': {'enabled': '0'}, 'text': {'workspace_enabled': '0'}}
✓ 5430DF02-DDED-4634-A3DC-467A8313C4CF | 刪除 0 項 | quota=0 B | user_settings={'recommendations': {'enabled': '0'}, 'text': {'workspace_enabled': '0'}}
✓ 42570D2E-674C-4B49-A6E2-1E6FE4BDD54F | 刪除 0 項 | quota=0 B | user_settings={'recommendations': {'enabled': '0'}, 'text': {'workspace_enabled': '0'}}
✓ 91A58CA0-624F-4D49-A67B-89002AABE500 | 刪除 0 項 | quota=0 B | user_settings={'recommendations': {'enabled': '0'}, 'text': {'workspace_enabled': '0'}}
✓ 8DB5946B-7737-4CF5-9FB4-76FF4755E191 | 刪除 0 項 | quota=0 B | user_settings={'recommendations': {'enabled': '0'}, 'text': {'workspace_enabled': '0'}}
✓ DCF6693E-7341-4721-8CC1-3703C4C95ABF | 刪除 0 項 | quota=0 B | user_settings={'recommendations': {'enabled': '0'}, 'text': {'workspace_enabled': '0'}}
✓ 1037ED0E-B5DE-4DA8-85F8-BB88A543183B | 刪除 0 項 | quota=0 B | user_settings={'recommendations': {'enabled': '0'}, 'text': {'workspace_enabled': '0'}}
✓ C6554845-58BE-4DCC-BE75-D2343D351E09 | 刪除 0 項 | quota=0 B | user_settings={'recommendations': {'enabled': '0'}, 'text': {'workspace_enabled': '0'}}
✓ D5B3B5B0-D8B6-43CB-8AE7-0B932B501539 | 刪除 0 項 | quota=0 B | user_settings={'recommendations': {'enabled': '0'}, 'text': {'workspace_enabled': '0'}} | 殘留 ['minio-00054149']
✓ F5B80F8C-C040-463F-A0D3-02A35FA3D68B | 刪除 0 項 | quota=0 B | user_settings={'recommendations': {'enabled': '0'}, 'text': {'workspace_enabled': '0'}}
✓ 10308393-4730-4252-93E0-FCA9CA64C1E3 | 刪除 0 項 | quota=0 B | user_settings={'recommendations': {'enabled': '0'}, 'text': {'workspace_enabled': '0'}}
✓ 689132DD-8428-4059-81E6-F3AB76E76CE6 | 刪除 0 項 | quota=0 B | user_settings={'recommendations': {'enabled': '0'}, 'text': {'workspace_enabled': '0'}}
✓ 9CF05E33-D72A-427A-AE60-9C08BF960EBA | 刪除 0 項 | quota=0 B | user_settings={'recommendations': {'enabled': '0'}, 'text': {'workspace_enabled': '0'}}
✓ E3B194AB-E533-4850-8EF0-91AC0F35BB1A | 刪除 0 項 | quota=0 B | user_settings={'recommendations': {'enabled': '0'}, 'text': {'workspace_enabled': '0'}}
✓ A7E68A25-04AD-40DF-B6BF-2E4A8035F567 | 刪除 0 項 | quota=0 B | user_settings={'recommendations': {'enabled': '0'}, 'text': {'workspace_enabled': '0'}}
✓ 2F1236D8-86FE-4293-9367-F7F5831EC208 | 刪除 0 項 | quota=0 B | user_settings={'recommendations': {'enabled': '0'}, 'text': {'workspace_enabled': '0'}}
✓ 99FBE5B5-0DCC-4C3F-8294-2364DA49B78A | 刪除 0 項 | quota=0 B | user_settings={'recommendations': {'enabled': '0'}, 'text': {'workspace_enabled': '0'}}
✓ BE83237E-153F-41A6-BCB6-CBB124A3137E | 刪除 0 項 | quota=0 B | user_settings={'recommendations': {'enabled': '0'}, 'text': {'workspace_enabled': '0'}}
✓ 26AB7007-335C-402D-B1D4-13FA70152937 | 刪除 0 項 | quota=0 B | user_settings={'recommendations': {'enabled': '0'}, 'text': {'workspace_enabled': '0'}}
✓ 8EB40C7F-6050-431C-B64C-67F402009720 | 刪除 0 項 | quota=0 B | user_settings={'recommendations': {'enabled': '0'}, 'text': {'workspace_enabled': '0'}}
✓ 5A1031C8-7E93-46F3-B1DD-8DA0B8F2E7D9 | 刪除 0 項 | quota=0 B | user_settings={'recommendations': {'enabled': '0'}, 'text': {'workspace_enabled': '0'}}
✓ 1FADD19B-EC40-42A2-B877-19501ED71DAD | 刪除 0 項 | quota=0 B | user_settings={'recommendations': {'enabled': '0'}, 'text': {'workspace_enabled': '0'}}
✓ D1ABE703-1EA4-4CA8-991C-B11DCC538F1E | 刪除 0 項 | quota=0 B | user_settings={'recommendations': {'enabled': '0'}, 'text': {'workspace_enabled': '0'}}
✓ C2FB3A13-2B00-4C56-B6E2-733DA151D752 | 刪除 0 項 | quota=0 B | user_settings={'recommendations': {'enabled': '0'}, 'text': {'workspace_enabled': '0'}}
✓ C70DDE58-A330-400B-A0A5-9201B97BE6D2 | 刪除 0 項 | quota=0 B | user_settings={'recommendations': {'enabled': '0'}, 'text': {'workspace_enabled': '0'}}
✓ 1B530C54-7BBC-4ED4-9186-DE5973C20CD6 | 刪除 0 項 | quota=0 B | user_settings={'recommendations': {'enabled': '0'}, 'text': {'workspace_enabled': '0'}}
✓ 4385BD9D-89CD-4FE9-9FBD-DF663C311A28 | 刪除 0 項 | quota=0 B | user_settings={'recommendations': {'enabled': '0'}, 'text': {'workspace_enabled': '0'}}
✓ 93F08163-6E79-4E0F-8DF5-EEED3C38DD21 | 刪除 0 項 | quota=0 B | user_settings={'recommendations': {'enabled': '0'}, 'text': {'workspace_enabled': '0'}}
✓ 9B394B4A-2922-4B55-9CBA-C6E3A150724F | 刪除 0 項 | quota=0 B | user_settings={'recommendations': {'enabled': '0'}, 'text': {'workspace_enabled': '0'}}
✓ E77007CC-7999-48AD-A07B-737B4F73BAA6 | 刪除 0 項 | quota=0 B | user_settings={'recommendations': {'enabled': '0'}, 'text': {'workspace_enabled': '0'}}
✓ BA942BCF-10BD-402C-BF27-911B7BAC5BB2 | 刪除 0 項 | quota=0 B | user_settings={'recommendations': {'enabled': '0'}, 'text': {'workspace_enabled': '0'}}
✓ 0B03626B-CB99-4576-AD79-DAEF06BDA600 | 刪除 0 項 | quota=0 B | user_settings={'recommendations': {'enabled': '0'}, 'text': {'workspace_enabled': '0'}}
✓ 1A7DF905-81DA-449F-98C3-795D574FDF91 | 刪除 0 項 | quota=0 B | user_settings={'recommendations': {'enabled': '0'}, 'text': {'workspace_enabled': '0'}}
✓ 2B0CE241-D49E-4014-888E-0871DB7E5821 | 刪除 0 項 | quota=0 B | user_settings={'recommendations': {'enabled': '0'}, 'text': {'workspace_enabled': '0'}}
✓ F78C7EA0-6C4E-4C04-AA0F-D1FA32FFFEE0 | 刪除 0 項 | quota=0 B | user_settings={'recommendations': {'enabled': '0'}, 'text': {'workspace_enabled': '0'}}
✓ 64364BBC-E472-4225-A1D2-A45905CAA889 | 刪除 0 項 | quota=0 B | user_settings={'recommendations': {'enabled': '0'}, 'text': {'workspace_enabled': '0'}}
✓ 375DFA38-8C5A-493D-B93D-A54EFF31785A | 刪除 0 項 | quota=0 B | user_settings={'recommendations': {'enabled': '0'}, 'text': {'workspace_enabled': '0'}}
✓ F3BCCED3-EF91-4649-8569-A061B0BC2173 | 刪除 0 項 | quota=0 B | user_settings={'recommendations': {'enabled': '0'}, 'text': {'workspace_enabled': '0'}}
✓ B8CAD3B6-54C4-4554-85D2-A034A334EB84 | 刪除 0 項 | quota=0 B | user_settings={'recommendations': {'enabled': '0'}, 'text': {'workspace_enabled': '0'}}
✓ 36429D27-FE73-4F7E-B0E4-197801E4BA6A | 刪除 0 項 | quota=0 B | user_settings={'recommendations': {'enabled': '0'}, 'text': {'workspace_enabled': '0'}}
✓ F4A67DEE-16A9-4B28-818A-45D123C22C89 | 刪除 0 項 | quota=0 B | user_settings={'recommendations': {'enabled': '0'}, 'text': {'workspace_enabled': '0'}}
✓ BFA071A0-FBE3-4C73-B9D7-DD2925F0D045 | 刪除 0 項 | quota=0 B | user_settings={'recommendations': {'enabled': '0'}, 'text': {'workspace_enabled': '0'}}
✓ 58922EFC-6526-4483-A16C-5229B1590686 | 刪除 0 項 | quota=0 B | user_settings={'recommendations': {'enabled': '0'}, 'text': {'workspace_enabled': '0'}}
✓ EE923D46-3E22-4AB3-B41A-C84B0C3B13B5 | 刪除 0 項 | quota=0 B | user_settings={'recommendations': {'enabled': '0'}, 'text': {'workspace_enabled': '0'}} | 殘留 ['minio-00071958']
✓ 0996C9D0-3895-418D-B049-5B3EC8F615A4 | 刪除 0 項 | quota=0 B | user_settings={'recommendations': {'enabled': '0'}, 'text': {'workspace_enabled': '0'}}
✓ 3FABCBDE-2B9C-42B4-AA8A-DBD01D89C5BE | 刪除 0 項 | quota=0 B | user_settings={'recommendations': {'enabled': '0'}, 'text': {'workspace_enabled': '0'}}
✓ 7DB0B116-7676-495D-B344-61FFEE18F2CA | 刪除 0 項 | quota=0 B | user_settings={'recommendations': {'enabled': '0'}, 'text': {'workspace_enabled': '0'}}
✓ 6B2F83F2-B77E-4D29-81DA-ACFD3E889B2B | 刪除 0 項 | quota=0 B | user_settings={'recommendations': {'enabled': '0'}, 'text': {'workspace_enabled': '0'}}
✓ 8C451A62-EC5A-4984-AC48-3252133F9B15 | 刪除 0 項 | quota=0 B | user_settings={'recommendations': {'enabled': '0'}, 'text': {'workspace_enabled': '0'}}
✓ 505D8DF6-0C37-4E6C-9DF0-DB438C11ECEA | 刪除 0 項 | quota=0 B | user_settings={'recommendations': {'enabled': '0'}, 'text': {'workspace_enabled': '0'}}
✓ 9BFEF1EF-F951-4C87-A684-B23E1B2A9112 | 刪除 0 項 | quota=0 B | user_settings={'recommendations': {'enabled': '0'}, 'text': {'workspace_enabled': '0'}}
✓ BD97C364-6F0C-46A3-A9B6-CE037A65B4E1 | 刪除 0 項 | quota=0 B | user_settings={'recommendations': {'enabled': '0'}, 'text': {'workspace_enabled': '0'}}
✓ 362DB59A-3B50-44D2-AAEA-B84407A8CF59 | 刪除 0 項 | quota=0 B | user_settings={'recommendations': {'enabled': '0'}, 'text': {'workspace_enabled': '0'}}
✓ DDC6C228-F689-436D-A5D1-7F813AE2BE0D | 刪除 0 項 | quota=0 B | user_settings={'recommendations': {'enabled': '0'}, 'text': {'workspace_enabled': '0'}}
✓ 2625B523-F1CA-4B00-AA66-4D23C3E38CF9 | 刪除 0 項 | quota=0 B | user_settings={'recommendations': {'enabled': '0'}, 'text': {'workspace_enabled': '0'}}
✓ 45D52388-FF78-4C40-AC5B-B262392CFCB4 | 刪除 0 項 | quota=0 B | user_settings={'recommendations': {'enabled': '0'}, 'text': {'workspace_enabled': '0'}}
✓ D8675447-AB1C-4E40-9FBD-4A7B6359CE55 | 刪除 0 項 | quota=0 B | user_settings={'recommendations': {'enabled': '0'}, 'text': {'workspace_enabled': '0'}}
✓ DEA766AA-5554-44E4-8E77-0A82DFCCD9A9 | 刪除 0 項 | quota=0 B | user_settings={'recommendations': {'enabled': '0'}, 'text': {'workspace_enabled': '0'}}
✓ EE5E14B7-3D18-4A19-8041-465DDE464D2F | 刪除 0 項 | quota=0 B | user_settings={'recommendations': {'enabled': '0'}, 'text': {'workspace_enabled': '0'}}
✓ 7118620D-194F-4F9C-BA97-A1E22D3812FC | 刪除 0 項 | quota=0 B | user_settings={'recommendations': {'enabled': '0'}, 'text': {'workspace_enabled': '0'}} | 殘留 ['minio-00073705']
✓ 3F4B43B1-6D8C-4ADB-A2CA-5F2BCAF2F3E4 | 刪除 0 項 | quota=0 B | user_settings={'recommendations': {'enabled': '0'}, 'text': {'workspace_enabled': '0'}}
✓ C1273C5F-29A5-449D-9251-28E03443B52E | 刪除 0 項 | quota=0 B | user_settings={'recommendations': {'enabled': '0'}, 'text': {'workspace_enabled': '0'}}
✓ EB114859-BDA7-4C8E-A8D4-E5FE1E7CE34D | 刪除 0 項 | quota=0 B | user_settings={'recommendations': {'enabled': '0'}, 'text': {'workspace_enabled': '0'}}
✓ A4A4D0B0-A06A-4878-86E6-D7AECBAEEB03 | 刪除 0 項 | quota=0 B | user_settings={'recommendations': {'enabled': '0'}, 'text': {'workspace_enabled': '0'}}
✓ A2D219AB-9F42-460B-A7D6-A96D038667E5 | 刪除 0 項 | quota=0 B | user_settings={'recommendations': {'enabled': '0'}, 'text': {'workspace_enabled': '0'}}
✓ 956B6898-8460-4B29-8567-74E81F1D39C5 | 刪除 0 項 | quota=0 B | user_settings={'recommendations': {'enabled': '0'}, 'text': {'workspace_enabled': '0'}}
✓ 99E81361-5387-48A0-8808-541295A9B891 | 刪除 0 項 | quota=0 B | user_settings={'recommendations': {'enabled': '0'}, 'text': {'workspace_enabled': '0'}}
✓ B7913C9D-45AE-4838-A044-818936BB1F4A | 刪除 0 項 | quota=0 B | user_settings={'recommendations': {'enabled': '0'}, 'text': {'workspace_enabled': '0'}}
✓ 1F5B411F-A2CD-4601-B6B6-410EB9DBA9C6 | 刪除 0 項 | quota=0 B | user_settings={'recommendations': {'enabled': '0'}, 'text': {'workspace_enabled': '0'}}
✓ 4EAE771E-8D0A-4EDF-AD96-C1BEF81751D0 | 刪除 0 項 | quota=0 B | user_settings={'recommendations': {'enabled': '0'}, 'text': {'workspace_enabled': '0'}}
✓ 3DAD41D3-D260-4CF9-BA59-D5EEAF2754D1 | 刪除 0 項 | quota=0 B | user_settings={'recommendations': {'enabled': '0'}, 'text': {'workspace_enabled': '0'}}
✓ F74EC516-7150-48A0-840F-6BFA8D6B9C76 | 刪除 0 項 | quota=0 B | user_settings={'recommendations': {'enabled': '0'}, 'text': {'workspace_enabled': '0'}}
✓ BBB9B450-3511-4C9B-BB54-8428A56B2405 | 刪除 0 項 | quota=0 B | user_settings={'recommendations': {'enabled': '0'}, 'text': {'workspace_enabled': '0'}}
✓ 9E1CC8D8-A832-4162-8B04-0207DFCB9C1A | 刪除 0 項 | quota=0 B | user_settings={'recommendations': {'enabled': '0'}, 'text': {'workspace_enabled': '0'}}
✓ 64B6EFE5-CB9F-4911-B21C-E1CDF8B4ECC6 | 刪除 0 項 | quota=0 B | user_settings={'recommendations': {'enabled': '0'}, 'text': {'workspace_enabled': '0'}}
✓ EAE141F5-5828-455C-8FAF-78851C0E7AB2 | 刪除 0 項 | quota=0 B | user_settings={'recommendations': {'enabled': '0'}, 'text': {'workspace_enabled': '0'}}
✓ 148B26EA-0888-46D3-8589-809D1AB42B18 | 刪除 0 項 | quota=0 B | user_settings={'recommendations': {'enabled': '0'}, 'text': {'workspace_enabled': '0'}}
✓ FF2D68AD-C278-428C-937C-E5A52F7B9D84 | 刪除 0 項 | quota=0 B | user_settings={'recommendations': {'enabled': '0'}, 'text': {'workspace_enabled': '0'}}
✓ 4918294E-5BF0-4AF4-9E6B-F3F9BF200AE9 | 刪除 0 項 | quota=0 B | user_settings={'recommendations': {'enabled': '0'}, 'text': {'workspace_enabled': '0'}}
✓ 3F966745-256B-4132-9A51-714C09C2EFBA | 刪除 0 項 | quota=0 B | user_settings={'recommendations': {'enabled': '0'}, 'text': {'workspace_enabled': '0'}}
✓ 06436E95-0624-4A4B-9220-D80D0718994D | 刪除 0 項 | quota=0 B | user_settings={'recommendations': {'enabled': '0'}, 'text': {'workspace_enabled': '0'}}
✓ F153903F-C64C-4974-84F1-8E4E3B432B67 | 刪除 0 項 | quota=0 B | user_settings={'recommendations': {'enabled': '0'}, 'text': {'workspace_enabled': '0'}}
✓ 09D6ABB1-9DD5-465D-949A-52D078E52F78 | 刪除 0 項 | quota=0 B | user_settings={'recommendations': {'enabled': '0'}, 'text': {'workspace_enabled': '0'}}
✓ FEF2588B-8EE1-4AC9-A6D7-1D31A86E0C0C | 刪除 0 項 | quota=0 B | user_settings={'recommendations': {'enabled': '0'}, 'text': {'workspace_enabled': '0'}}
✓ 9279929F-111A-4BE6-8833-8E60715DAC17 | 刪除 0 項 | quota=0 B | user_settings={'recommendations': {'enabled': '0'}, 'text': {'workspace_enabled': '0'}}
✓ 1A217527-5A3B-457C-8CC9-F855F75E4C04 | 刪除 0 項 | quota=0 B | user_settings={'recommendations': {'enabled': '0'}, 'text': {'workspace_enabled': '0'}}
✓ 0F8C41D2-FB7F-4E71-BA72-3E040CD219DD | 刪除 0 項 | quota=0 B | user_settings={'recommendations': {'enabled': '0'}, 'text': {'workspace_enabled': '0'}}
✓ B8C72E96-0915-4FB5-801A-7AD8725556DA | 刪除 0 項 | quota=0 B | user_settings={'recommendations': {'enabled': '0'}, 'text': {'workspace_enabled': '0'}}
✓ EF4D81E5-00E4-4E78-A07D-E0754F283A2E | 刪除 0 項 | quota=0 B | user_settings={'recommendations': {'enabled': '0'}, 'text': {'workspace_enabled': '0'}}
✓ 764903FE-5D65-45A2-9D7D-FDA8BCE2475D | 刪除 0 項 | quota=0 B | user_settings={'recommendations': {'enabled': '0'}, 'text': {'workspace_enabled': '0'}}
✓ F242A44B-8875-4850-AE68-AF8F6352D669 | 刪除 0 項 | quota=0 B | user_settings={'recommendations': {'enabled': '0'}, 'text': {'workspace_enabled': '0'}}
✓ E8F6F5C9-45FE-43F9-9D97-A960AA8282AB | 刪除 0 項 | quota=0 B | user_settings={'recommendations': {'enabled': '0'}, 'text': {'workspace_enabled': '0'}}
✓ A9758D8C-A789-47A8-9E5C-C13E5B06B348 | 刪除 0 項 | quota=0 B | user_settings={'recommendations': {'enabled': '0'}, 'text': {'workspace_enabled': '0'}}
✓ C08BF139-B899-484C-B59C-E9E70CF44169 | 刪除 0 項 | quota=0 B | user_settings={'recommendations': {'enabled': '0'}, 'text': {'workspace_enabled': '0'}}
✓ D146E3C1-9A5C-46CB-A86B-E2ACAC351D9C | 刪除 0 項 | quota=0 B | user_settings={'recommendations': {'enabled': '0'}, 'text': {'workspace_enabled': '0'}}
✓ EB6A964D-3FED-4409-9E99-82A9334932F2 | 刪除 0 項 | quota=0 B | user_settings={'recommendations': {'enabled': '0'}, 'text': {'workspace_enabled': '0'}}
✓ D09902D4-4C7B-4384-9B27-41C200B01CC0 | 刪除 0 項 | quota=0 B | user_settings={'recommendations': {'enabled': '0'}, 'text': {'workspace_enabled': '0'}}
✓ 005B783B-A585-4747-96CD-CFB9B54498AB | 刪除 0 項 | quota=0 B | user_settings={'recommendations': {'enabled': '0'}, 'text': {'workspace_enabled': '0'}}
✓ 5DCAFEB4-8836-4E7A-82AC-344B9E46BC10 | 刪除 0 項 | quota=0 B | user_settings={'recommendations': {'enabled': '0'}, 'text': {'workspace_enabled': '0'}}
✓ BABBCCDF-F43C-469F-BAF7-DC632C64606E | 刪除 0 項 | quota=0 B | user_settings={'recommendations': {'enabled': '0'}, 'text': {'workspace_enabled': '0'}}
✓ C44A7FD1-7D8C-446F-88BB-2087B5B4A5EF | 刪除 0 項 | quota=0 B | user_settings={'recommendations': {'enabled': '0'}, 'text': {'workspace_enabled': '0'}}
✓ 2B8B50F0-CAE0-489A-BAD3-835DDEEE42A2 | 刪除 0 項 | quota=0 B | user_settings={'recommendations': {'enabled': '0'}, 'text': {'workspace_enabled': '0'}}
✓ A507B6EA-315D-4176-89C1-247025C44619 | 刪除 0 項 | quota=0 B | user_settings={'recommendations': {'enabled': '0'}, 'text': {'workspace_enabled': '0'}}
✓ 848FD70B-7167-4F64-A190-51B761760239 | 刪除 0 項 | quota=0 B | user_settings={'recommendations': {'enabled': '0'}, 'text': {'workspace_enabled': '0'}}
✓ D6B0956E-5D63-4459-8FB2-D5F124E841FD | 刪除 0 項 | quota=0 B | user_settings={'recommendations': {'enabled': '0'}, 'text': {'workspace_enabled': '0'}}
✓ 15C34ABC-4415-4B1E-AC8C-830E0F8F4589 | 刪除 0 項 | quota=0 B | user_settings={'recommendations': {'enabled': '0'}, 'text': {'workspace_enabled': '0'}}
✓ EB14D273-1C1E-4AFC-AFAE-106A6352C66D | 刪除 0 項 | quota=0 B | user_settings={'recommendations': {'enabled': '0'}, 'text': {'workspace_enabled': '0'}}
✓ FF26A99C-3054-4983-8DDF-5433DD78C987 | 刪除 0 項 | quota=0 B | user_settings={'recommendations': {'enabled': '0'}, 'text': {'workspace_enabled': '0'}}
✓ 6C30357C-13BA-4FF7-BB1B-665CE39B5DE6 | 刪除 0 項 | quota=0 B | user_settings={'recommendations': {'enabled': '0'}, 'text': {'workspace_enabled': '0'}}
✓ 8A32AC3E-D0F2-41A8-871C-DC126B29E6B2 | 刪除 0 項 | quota=0 B | user_settings={'recommendations': {'enabled': '0'}, 'text': {'workspace_enabled': '0'}}
✓ BC356D93-E192-4708-98C3-6E0AF0F97250 | 刪除 0 項 | quota=0 B | user_settings={'recommendations': {'enabled': '0'}, 'text': {'workspace_enabled': '0'}}
✓ 85218A41-6D91-4141-A91C-B1C7DA162484 | 刪除 0 項 | quota=0 B | user_settings={'recommendations': {'enabled': '0'}, 'text': {'workspace_enabled': '0'}}
✓ A6C64190-64C4-46CA-BAAB-C060A02347BA | 刪除 0 項 | quota=0 B | user_settings={'recommendations': {'enabled': '0'}, 'text': {'workspace_enabled': '0'}}
✓ 57E03B25-33E9-45C1-9FC8-30A7D9C7BA8F | 刪除 0 項 | quota=0 B | user_settings={'recommendations': {'enabled': '0'}, 'text': {'workspace_enabled': '0'}}
✓ BC067E0A-ECBE-4EF8-8A7D-B21B02C2E4C0 | 刪除 0 項 | quota=0 B | user_settings={'recommendations': {'enabled': '0'}, 'text': {'workspace_enabled': '0'}}
✓ 69EF440C-2BF4-4832-AED9-C8FC31B175FF | 刪除 0 項 | quota=0 B | user_settings={'recommendations': {'enabled': '0'}, 'text': {'workspace_enabled': '0'}}
✓ B47D12E1-3697-4689-B0B4-3B02654FCFE9 | 刪除 0 項 | quota=0 B | user_settings={'recommendations': {'enabled': '0'}, 'text': {'workspace_enabled': '0'}}
✓ 22D81AC0-4082-404C-9580-22A1734EED06 | 刪除 0 項 | quota=0 B | user_settings={'recommendations': {'enabled': '0'}, 'text': {'workspace_enabled': '0'}}
✓ 6ACADA62-6915-4ABC-A109-36DABE8BDB29 | 刪除 0 項 | quota=0 B | user_settings={'recommendations': {'enabled': '0'}, 'text': {'workspace_enabled': '0'}}
✓ 858BE225-D5FC-4593-8C30-F0FA61CFB946 | 刪除 0 項 | quota=0 B | user_settings={'recommendations': {'enabled': '0'}, 'text': {'workspace_enabled': '0'}}
✓ 507F1A7C-C2FD-4955-AF66-4F6AED3C9D9C | 刪除 0 項 | quota=0 B | user_settings={'recommendations': {'enabled': '0'}, 'text': {'workspace_enabled': '0'}}
✓ 6F5E40A5-8F9F-462C-954D-9EFC2EFB4B2F | 刪除 0 項 | quota=0 B | user_settings={'recommendations': {'enabled': '0'}, 'text': {'workspace_enabled': '0'}}
✓ D4C20368-C8D3-4E55-B268-D11CCC521BAE | 刪除 0 項 | quota=0 B | user_settings={'recommendations': {'enabled': '0'}, 'text': {'workspace_enabled': '0'}}
✓ 145453C6-EB68-4BB0-BC0A-6FA421E463C4 | 刪除 0 項 | quota=0 B | user_settings={'recommendations': {'enabled': '0'}, 'text': {'workspace_enabled': '0'}}
✓ 914233E6-8C7E-4553-A590-2E5AAE5AA79B | 刪除 0 項 | quota=0 B | user_settings={'recommendations': {'enabled': '0'}, 'text': {'workspace_enabled': '0'}}
✓ EE50AFC4-E3A6-416A-8302-E91593499820 | 刪除 0 項 | quota=0 B | user_settings={'recommendations': {'enabled': '0'}, 'text': {'workspace_enabled': '0'}}
✓ FE665E94-DBAA-41D5-9D64-1425B2FA8ED4 | 刪除 0 項 | quota=0 B | user_settings={'recommendations': {'enabled': '0'}, 'text': {'workspace_enabled': '0'}}
✓ 69260049-9F86-461C-936B-7A60A8423CB7 | 刪除 0 項 | quota=0 B | user_settings={'recommendations': {'enabled': '0'}, 'text': {'workspace_enabled': '0'}}
✓ A1DF1D18-9CDB-4584-BCB8-6CAE2AFEB06A | 刪除 0 項 | quota=0 B | user_settings={'recommendations': {'enabled': '0'}, 'text': {'workspace_enabled': '0'}}
✓ 33AC57D0-6751-4645-BC00-7FB15961F715 | 刪除 0 項 | quota=0 B | user_settings={'recommendations': {'enabled': '0'}, 'text': {'workspace_enabled': '0'}}
✓ 498BF29A-2B1B-44CB-87F6-50985A7CEFFD | 刪除 0 項 | quota=0 B | user_settings={'recommendations': {'enabled': '0'}, 'text': {'workspace_enabled': '0'}}
✓ 8A632C62-F922-4C5F-8D82-CBCFBAC169A2 | 刪除 0 項 | quota=0 B | user_settings={'recommendations': {'enabled': '0'}, 'text': {'workspace_enabled': '0'}}
✓ A97DCA65-2588-4CE5-AA64-396C8A8322DD | 刪除 0 項 | quota=0 B | user_settings={'recommendations': {'enabled': '0'}, 'text': {'workspace_enabled': '0'}}
✓ FD083E22-19FF-44CB-BDE8-434967FE7339 | 刪除 0 項 | quota=0 B | user_settings={'recommendations': {'enabled': '0'}, 'text': {'workspace_enabled': '0'}}
✓ 2C6C80FF-C999-49B2-8541-3F8014CDCD9C | 刪除 0 項 | quota=0 B | user_settings={'recommendations': {'enabled': '0'}, 'text': {'workspace_enabled': '0'}}
✓ A46F5A0F-972D-4FF8-8259-EBBCEE008AF1 | 刪除 0 項 | quota=0 B | user_settings={'recommendations': {'enabled': '0'}, 'text': {'workspace_enabled': '0'}}
✓ C6CCB5DB-984A-4333-AB7D-610844D0CF3D | 刪除 0 項 | quota=0 B | user_settings={'recommendations': {'enabled': '0'}, 'text': {'workspace_enabled': '0'}}
✓ B348ABDF-C6DA-46A6-9F88-F8550E20FA44 | 刪除 0 項 | quota=0 B | user_settings={'recommendations': {'enabled': '0'}, 'text': {'workspace_enabled': '0'}}
✓ A5A79C98-53A2-47A4-A7E5-50FCF1B3BE8A | 刪除 0 項 | quota=0 B | user_settings={'recommendations': {'enabled': '0'}, 'text': {'workspace_enabled': '0'}}
✓ 0C55303E-56F8-4D26-8E64-63F8F3CFDB7F | 刪除 0 項 | quota=0 B | user_settings={'recommendations': {'enabled': '0'}, 'text': {'workspace_enabled': '0'}}
✓ 435AA3B7-21D4-47E1-924B-0B7465745DCC | 刪除 0 項 | quota=0 B | user_settings={'recommendations': {'enabled': '0'}, 'text': {'workspace_enabled': '0'}}
✓ D8EA6CE7-6E45-4948-937C-251E3E469722 | 刪除 0 項 | quota=0 B | user_settings={'recommendations': {'enabled': '0'}, 'text': {'workspace_enabled': '0'}}
✓ 66919F31-CF56-4E48-A274-58F02203A720 | 刪除 0 項 | quota=0 B | user_settings={'recommendations': {'enabled': '0'}, 'text': {'workspace_enabled': '0'}}
✓ ACE4D6B6-16FC-463D-AC3A-8988289AAAC3 | 刪除 0 項 | quota=0 B | user_settings={'recommendations': {'enabled': '0'}, 'text': {'workspace_enabled': '0'}}
✓ D851BFDE-56DD-4D18-AB6F-0FBBEC9FE2EB | 刪除 0 項 | quota=0 B | user_settings={'recommendations': {'enabled': '0'}, 'text': {'workspace_enabled': '0'}}
✓ A419E1A0-1BFD-45CF-895E-FF5D1BABB2C8 | 刪除 0 項 | quota=0 B | user_settings={'recommendations': {'enabled': '0'}, 'text': {'workspace_enabled': '0'}}
✓ 57E93EBC-F9D5-4002-978B-966D4D8A67B1 | 刪除 0 項 | quota=0 B | user_settings={'recommendations': {'enabled': '0'}, 'text': {'workspace_enabled': '0'}}
✓ 43EF3125-8442-4146-AB22-6953CEB91FDC | 刪除 0 項 | quota=0 B | user_settings={'recommendations': {'enabled': '0'}, 'text': {'workspace_enabled': '0'}}
✓ 5B85BC94-421A-405E-8F59-7BC0AC2D01DD | 刪除 0 項 | quota=0 B | user_settings={'recommendations': {'enabled': '0'}, 'text': {'workspace_enabled': '0'}}
✓ A896558F-263D-44C9-8DB8-8224E425CB89 | 刪除 0 項 | quota=0 B | user_settings={'recommendations': {'enabled': '0'}, 'text': {'workspace_enabled': '0'}}
✓ 5F5877E0-76B4-42BF-892F-C78DEAA61539 | 刪除 0 項 | quota=0 B | user_settings={'recommendations': {'enabled': '0'}, 'text': {'workspace_enabled': '0'}}
✓ 86D7947A-EF6C-415C-BDFF-C6AAC8E1BECE | 刪除 0 項 | quota=0 B | user_settings={'recommendations': {'enabled': '0'}, 'text': {'workspace_enabled': '0'}}
✓ 415FBDF1-61D0-45FF-9594-F4E8EC52EC2B | 刪除 0 項 | quota=0 B | user_settings={'recommendations': {'enabled': '0'}, 'text': {'workspace_enabled': '0'}}
✓ 96230488-7BAA-452A-9209-DEA98B27F619 | 刪除 0 項 | quota=0 B | user_settings={'recommendations': {'enabled': '0'}, 'text': {'workspace_enabled': '0'}}
✓ FF4DD0DE-D8FE-4CD9-8FF1-8D3447D5A61B | 刪除 0 項 | quota=0 B | user_settings={'recommendations': {'enabled': '0'}, 'text': {'workspace_enabled': '0'}}
✓ 71E94DDF-4ECE-4FEB-AC9A-636DD546892D | 刪除 0 項 | quota=0 B | user_settings={'recommendations': {'enabled': '0'}, 'text': {'workspace_enabled': '0'}}
✓ 4D6957FE-2F25-4E78-B22F-CCF8F2DF95C6 | 刪除 0 項 | quota=0 B | user_settings={'recommendations': {'enabled': '0'}, 'text': {'workspace_enabled': '0'}}
✓ 88BC0787-132F-48CC-B583-97F2B207C417 | 刪除 0 項 | quota=0 B | user_settings={'recommendations': {'enabled': '0'}, 'text': {'workspace_enabled': '0'}}
✓ 14F58A3A-B6E4-410B-BB0A-83BF1B8FD3C5 | 刪除 0 項 | quota=0 B | user_settings={'recommendations': {'enabled': '0'}, 'text': {'workspace_enabled': '0'}}
✓ B4843666-29CD-46E3-B67D-ACDC2D341500 | 刪除 0 項 | quota=0 B | user_settings={'recommendations': {'enabled': '0'}, 'text': {'workspace_enabled': '0'}}
✓ DF2A3DDB-8478-4CA8-ADED-70CE2332E49C | 刪除 0 項 | quota=0 B | user_settings={'recommendations': {'enabled': '0'}, 'text': {'workspace_enabled': '0'}}
✓ 107D1354-F26B-4991-AA9D-1080AA4A8589 | 刪除 0 項 | quota=0 B | user_settings={'recommendations': {'enabled': '0'}, 'text': {'workspace_enabled': '0'}}
✓ 6BF8E80B-3499-4A5B-99AC-1341A3E2CBBF | 刪除 0 項 | quota=0 B | user_settings={'recommendations': {'enabled': '0'}, 'text': {'workspace_enabled': '0'}}
✓ 86F65E92-305E-44D7-A72D-0EE05593E17B | 刪除 0 項 | quota=0 B | user_settings={'recommendations': {'enabled': '0'}, 'text': {'workspace_enabled': '0'}}
✓ 9416880D-1263-4733-803C-B48542E9AD93 | 刪除 0 項 | quota=0 B | user_settings={'recommendations': {'enabled': '0'}, 'text': {'workspace_enabled': '0'}}
✓ 679CC544-71F3-4AF6-B162-F00A3270F022 | 刪除 0 項 | quota=0 B | user_settings={'recommendations': {'enabled': '0'}, 'text': {'workspace_enabled': '0'}}
✓ 8872FE36-0642-4CB5-9CD4-7AFDBE9F2574 | 刪除 0 項 | quota=0 B | user_settings={'recommendations': {'enabled': '0'}, 'text': {'workspace_enabled': '0'}}
✓ B7231E1D-04BA-4E12-8F30-A723E16377A2 | 刪除 0 項 | quota=0 B | user_settings={'recommendations': {'enabled': '0'}, 'text': {'workspace_enabled': '0'}}
✓ 4C5BC02C-D712-431C-B8BF-90DDEA80BA81 | 刪除 0 項 | quota=0 B | user_settings={'recommendations': {'enabled': '0'}, 'text': {'workspace_enabled': '0'}}
✓ 1FECC341-7653-4772-A4CF-8BF2C2781121 | 刪除 0 項 | quota=0 B | user_settings={'recommendations': {'enabled': '0'}, 'text': {'workspace_enabled': '0'}}
✓ BE80B7AF-5B50-403D-B1D8-7915235722D7 | 刪除 0 項 | quota=0 B | user_settings={'recommendations': {'enabled': '0'}, 'text': {'workspace_enabled': '0'}}
✓ F577FD36-F524-4E3A-AF37-2B6B1F8A6D17 | 刪除 0 項 | quota=0 B | user_settings={'recommendations': {'enabled': '0'}, 'text': {'workspace_enabled': '0'}}
✓ 320721FF-8DAE-4921-92B8-08CA5B6F7389 | 刪除 0 項 | quota=0 B | user_settings={'recommendations': {'enabled': '0'}, 'text': {'workspace_enabled': '0'}}
✓ A517782F-31C1-4424-AC44-F983500B9486 | 刪除 0 項 | quota=0 B | user_settings={'recommendations': {'enabled': '0'}, 'text': {'workspace_enabled': '0'}}
✓ 62BFFB12-172D-43A8-92F1-8AFD26396F5D | 刪除 0 項 | quota=0 B | user_settings={'recommendations': {'enabled': '0'}, 'text': {'workspace_enabled': '0'}}
✓ 12B8C567-9CC8-42CE-8883-471D8DEE605D | 刪除 0 項 | quota=0 B | user_settings={'recommendations': {'enabled': '0'}, 'text': {'workspace_enabled': '0'}}
✓ AD488ADD-68C4-4103-B737-0689BC27DA21 | 刪除 9 項 | quota=0 B | user_settings={'recommendations': {'enabled': '0'}, 'text': {'workspace_enabled': '0'}} | 殘留 ['Documents', 'Nextcloud Manual.pdf', 'Nextcloud intro.mp4', 'Nextcloud.png', 'Photos', 'Readme.md', 'Reasons to use Nextcloud.pdf', 'Templates credits.md', '範本']
✓ 163E92D6-0783-440E-B16F-AE86270D106C | 刪除 0 項 | quota=0 B | user_settings={'recommendations': {'enabled': '0'}, 'text': {'workspace_enabled': '0'}}
✓ A756B03E-9636-4332-B970-7DCCAA571AC8 | 刪除 0 項 | quota=0 B | user_settings={'recommendations': {'enabled': '0'}, 'text': {'workspace_enabled': '0'}}
✓ C8B0EAAB-B725-409F-B0F2-A74B8393A4CD | 刪除 0 項 | quota=0 B | user_settings={'recommendations': {'enabled': '0'}, 'text': {'workspace_enabled': '0'}}
✓ 8408F3E7-74F2-4D38-97BB-AF68F1D163CB | 刪除 0 項 | quota=0 B | user_settings={'recommendations': {'enabled': '0'}, 'text': {'workspace_enabled': '0'}}
✓ A4E8556E-EA24-49B2-ACCE-9755AA6CCEE2 | 刪除 0 項 | quota=0 B | user_settings={'recommendations': {'enabled': '0'}, 'text': {'workspace_enabled': '0'}}
✓ FA025263-B65C-4718-B1FC-581B8F5FD55F | 刪除 0 項 | quota=0 B | user_settings={'recommendations': {'enabled': '0'}, 'text': {'workspace_enabled': '0'}}
✓ 16E605E0-B0C0-4646-82FE-1543F1F65935 | 刪除 0 項 | quota=0 B | user_settings={'recommendations': {'enabled': '0'}, 'text': {'workspace_enabled': '0'}}
✓ 32EB8BAD-753C-4453-A288-992A67E1F8C5 | 刪除 0 項 | quota=0 B | user_settings={'recommendations': {'enabled': '0'}, 'text': {'workspace_enabled': '0'}}
✓ 424A5A36-B24A-449A-827B-CF1305D7DE67 | 刪除 0 項 | quota=0 B | user_settings={'recommendations': {'enabled': '0'}, 'text': {'workspace_enabled': '0'}}
✓ C3FA6CB9-9A94-4E7E-A762-9A6B07F98722 | 刪除 0 項 | quota=0 B | user_settings={'recommendations': {'enabled': '0'}, 'text': {'workspace_enabled': '0'}}
✓ usr0609 | 刪除 0 項 | quota=0 B | user_settings={'recommendations': {'enabled': '0'}, 'text': {'workspace_enabled': '0'}}
✓ 620457E0-9A72-4E4C-B24A-BF2303951C83 | 刪除 0 項 | quota=0 B | user_settings={'recommendations': {'enabled': '0'}, 'text': {'workspace_enabled': '0'}}
✓ 041F75AC-B3D3-4746-8FA7-36CC4BC1045B | 刪除 0 項 | quota=0 B | user_settings={'recommendations': {'enabled': '0'}, 'text': {'workspace_enabled': '0'}}
✓ C184782C-3463-42C8-ABD2-E6F7A417C2CE | 刪除 0 項 | quota=0 B | user_settings={'recommendations': {'enabled': '0'}, 'text': {'workspace_enabled': '0'}}
✓ 30E7AFA7-7BAA-42FD-9327-5C4CBB5BA834 | 刪除 0 項 | quota=0 B | user_settings={'recommendations': {'enabled': '0'}, 'text': {'workspace_enabled': '0'}}
✓ 6CB7C3B0-AD43-4C45-A265-B8318E987786 | 刪除 0 項 | quota=0 B | user_settings={'recommendations': {'enabled': '0'}, 'text': {'workspace_enabled': '0'}}
✓ 0B39D261-4946-4125-84D1-44CF3AC23FC0 | 刪除 0 項 | quota=0 B | user_settings={'recommendations': {'enabled': '0'}, 'text': {'workspace_enabled': '0'}}
✓ CBD02709-8F37-46B4-BD97-5DBC02A9BCA0 | 刪除 0 項 | quota=0 B | user_settings={'recommendations': {'enabled': '0'}, 'text': {'workspace_enabled': '0'}}
✓ 53A4CAD3-8708-49A2-8DA3-E682FA50C46C | 刪除 0 項 | quota=0 B | user_settings={'recommendations': {'enabled': '0'}, 'text': {'workspace_enabled': '0'}}
✓ A5D6EC44-2F1A-444B-B339-8E4694A8FC98 | 刪除 0 項 | quota=0 B | user_settings={'recommendations': {'enabled': '0'}, 'text': {'workspace_enabled': '0'}}
✓ 30AEB688-239B-4D36-B887-9C8069C98828 | 刪除 0 項 | quota=0 B | user_settings={'recommendations': {'enabled': '0'}, 'text': {'workspace_enabled': '0'}}
✓ C8BDF629-9479-4E6B-B7CA-24E41CA3A25A | 刪除 0 項 | quota=0 B | user_settings={'recommendations': {'enabled': '0'}, 'text': {'workspace_enabled': '0'}}
✓ 56F7EB2B-53D4-4131-A1FB-B8C63B682A90 | 刪除 0 項 | quota=0 B | user_settings={'recommendations': {'enabled': '0'}, 'text': {'workspace_enabled': '0'}}
✓ C24DB56A-3272-4480-9A4F-D39F7FC65BCA | 刪除 0 項 | quota=0 B | user_settings={'recommendations': {'enabled': '0'}, 'text': {'workspace_enabled': '0'}}
✓ 381DAEB7-9160-477C-86BD-09C85853D9EA | 刪除 0 項 | quota=0 B | user_settings={'recommendations': {'enabled': '0'}, 'text': {'workspace_enabled': '0'}}
✓ 75343CA9-EFC6-425F-8F2B-8DFE821E0F40 | 刪除 0 項 | quota=0 B | user_settings={'recommendations': {'enabled': '0'}, 'text': {'workspace_enabled': '0'}}
✓ ADEF0329-4B6B-45FA-A148-2C704EBD32AE | 刪除 0 項 | quota=0 B | user_settings={'recommendations': {'enabled': '0'}, 'text': {'workspace_enabled': '0'}}
✓ C1363A9A-087F-4361-90D3-3A2E28AC3DF5 | 刪除 0 項 | quota=0 B | user_settings={'recommendations': {'enabled': '0'}, 'text': {'workspace_enabled': '0'}}
✓ 65D6CBD4-96BE-427B-B77E-152DFFC74764 | 刪除 0 項 | quota=0 B | user_settings={'recommendations': {'enabled': '0'}, 'text': {'workspace_enabled': '0'}}
✓ 7D07224E-E8AE-400E-9946-8C774F9F277A | 刪除 0 項 | quota=0 B | user_settings={'recommendations': {'enabled': '0'}, 'text': {'workspace_enabled': '0'}}
✓ C70223B4-5813-4C10-B6F6-A1B6A69CED7C | 刪除 0 項 | quota=0 B | user_settings={'recommendations': {'enabled': '0'}, 'text': {'workspace_enabled': '0'}}
✓ 489064DE-6C05-4530-B70C-A947F6E162DE | 刪除 0 項 | quota=0 B | user_settings={'recommendations': {'enabled': '0'}, 'text': {'workspace_enabled': '0'}}
✓ F827000F-DC70-400F-8CD5-B30964AEDFEA | 刪除 0 項 | quota=0 B | user_settings={'recommendations': {'enabled': '0'}, 'text': {'workspace_enabled': '0'}}
✓ 0D5624A9-6057-4F06-8577-8CAE5AF8AD82 | 刪除 0 項 | quota=0 B | user_settings={'recommendations': {'enabled': '0'}, 'text': {'workspace_enabled': '0'}}
✓ F8F90D8B-4D2C-414A-8EAF-5F3F028373E5 | 刪除 0 項 | quota=0 B | user_settings={'recommendations': {'enabled': '0'}, 'text': {'workspace_enabled': '0'}}
✓ 1CE33AA5-6330-4B08-AA92-B46027524D7F | 刪除 0 項 | quota=0 B | user_settings={'recommendations': {'enabled': '0'}, 'text': {'workspace_enabled': '0'}}
✓ 22E89CBA-21ED-4A8E-AEB6-1C4647637098 | 刪除 0 項 | quota=0 B | user_settings={'recommendations': {'enabled': '0'}, 'text': {'workspace_enabled': '0'}}
✓ F30259D0-F7ED-4A52-A304-A29E42C9668B | 刪除 0 項 | quota=0 B | user_settings={'recommendations': {'enabled': '0'}, 'text': {'workspace_enabled': '0'}}
✓ 61026126-3B8E-4FC0-865F-1F6C7EBB96B1 | 刪除 0 項 | quota=0 B | user_settings={'recommendations': {'enabled': '0'}, 'text': {'workspace_enabled': '0'}}
✓ FAC9EE37-333C-480E-A76F-FC05A96829E6 | 刪除 0 項 | quota=0 B | user_settings={'recommendations': {'enabled': '0'}, 'text': {'workspace_enabled': '0'}}
============================================================
✅ 完成：{'total': 501, 'ok': 501, 'failed': 0, 'deleted_files': 18, 'elapsed_sec': 9.38, 'dry_run': True, 'skeleton_names_count': 15, 'skeleton_names_sample': ['Documents', 'Photos', 'Templates', 'Templates credits.md', 'Nextcloud.png', 'Nextcloud intro.mp4', 'Nextcloud Manual.pdf', 'Reasons to use Nextcloud.pdf', 'Readme.md', 'welcome.txt', '範本', '模板', 'Vorlagen', 'Modèles', 'テンプレート']}
ℹ️  這是乾跑模式，未實際變更。加上 --apply 才會執行。
=== 執行記錄結束: 2026-06-09T13:28:30.994972 ===
