❌ 請設定環境變數 ENV_NEXTCLOUD_URL、ENV_NEXTCLOUD_USER、ENV_NEXTCLOUD_PASSWORD
=== 執行記錄開始: 2026-06-08T14:13:33.589303 ===
目標 quota: 0
記錄檔案: logs/set-quota.log
quota 設定方式: occ user:setting（未設定 ENV_NEXTCLOUD_*）
目標: chad-nextcloud-1
============================================================
使用者來源: occ user:list（未設定 ENV_NEXTCLOUD_*）
透過 occ 取得 4 位使用者
排除使用者: ['admin']
待處理 3 位（排除 1 位）
============================================================
設定 quota（backend=occ）...
occ 模式使用循序執行（避免大量並行 bootstrap）
✓ [1/3] 00059094 → DRY RUN: occ user:setting 00059094 files quota 0
✓ [2/3] chad → DRY RUN: occ user:setting chad files quota 0
✓ [3/3] usr01 → DRY RUN: occ user:setting usr01 files quota 0

============================================================
✅ 處理完成！
   總筆數: 4
   成功: 3 筆
   失敗: 0 筆
   跳過: 1 筆
   耗時: 0.5 秒
ℹ️  這是預覽模式，未實際變更任何使用者 quota
=== 執行記錄結束: 2026-06-08T14:13:34.112109 ===
