=== 執行記錄開始: 2026-01-27T11:28:00.906345 ===
CSV 檔案: import\import-accounts.csv
輸出檔案: tools/mounts.json
狀態檔案: tools\mounts.state.json
============================================================

📋 開始處理 6 筆資料...
   ➕ [2026-01-27T11:28:00.907349] 新增: minio-DEPT_SMG_ARC1 (第 1 筆)
   ➕ [2026-01-27T11:28:00.907349] 新增: minio-DEPT_SMG_ARC5 (第 2 筆)
   ➕ [2026-01-27T11:28:00.907349] 新增: minio-00059094 (第 3 筆)
   ➕ [2026-01-27T11:28:00.907349] 新增: minio-00059012 (第 4 筆)
   ➕ [2026-01-27T11:28:00.908405] 新增: minio-SMG_ARC304 (第 5 筆)
   ➕ [2026-01-27T11:28:00.908405] 新增: minio-SMG_Arc305 (第 6 筆)

✅ 處理完成！
   總筆數: 6
   跳過: 0 筆（資料未變更）
   新增: 6 筆
   更新: 0 筆
   錯誤: 0 筆
   耗時: 0.0 秒
   平均速度: 5681.8 筆/秒
✅ 已產生 6 個掛載設定至 tools/mounts.json
   檔案大小: 0.00 MB

=== 執行記錄結束: 2026-01-27T11:28:00.910409 ===
總筆數: 6
跳過: 0 筆
新增: 6 筆
更新: 0 筆
錯誤: 0 筆

📝 記錄檔案: logs\gen-mount.log
💾 狀態檔案: tools\mounts.state.json
